Component: ARM Compiler 5.05 update 2 (build 169) Tool: armlink [4d0f33]

==============================================================================

Section Cross References

    system_stm32f4xx.o(i.SystemCoreClockUpdate) refers to system_stm32f4xx.o(.data) for SystemCoreClock
    system_stm32f4xx.o(i.SystemInit) refers to system_stm32f4xx.o(i.SetSysClock) for SetSysClock
    startup_stm32f40_41xxx.o(STACK) refers (Special) to heapauxi.o(.text) for __use_two_region_memory
    startup_stm32f40_41xxx.o(HEAP) refers (Special) to heapauxi.o(.text) for __use_two_region_memory
    startup_stm32f40_41xxx.o(RESET) refers (Special) to heapauxi.o(.text) for __use_two_region_memory
    startup_stm32f40_41xxx.o(RESET) refers to startup_stm32f40_41xxx.o(STACK) for __initial_sp
    startup_stm32f40_41xxx.o(RESET) refers to startup_stm32f40_41xxx.o(.text) for Reset_Handler
    startup_stm32f40_41xxx.o(RESET) refers to systick.o(i.SysTick_Handler) for SysTick_Handler
    startup_stm32f40_41xxx.o(RESET) refers to rtc.o(i.RTC_WKUP_IRQHandler) for RTC_WKUP_IRQHandler
    startup_stm32f40_41xxx.o(RESET) refers to led.o(i.TIM4_IRQHandler) for TIM4_IRQHandler
    startup_stm32f40_41xxx.o(RESET) refers to usart.o(i.USART1_IRQHandler) for USART1_IRQHandler
    startup_stm32f40_41xxx.o(RESET) refers to esp32.o(i.USART2_IRQHandler) for USART2_IRQHandler
    startup_stm32f40_41xxx.o(RESET) refers to rtc.o(i.RTC_Alarm_IRQHandler) for RTC_Alarm_IRQHandler
    startup_stm32f40_41xxx.o(RESET) refers to adc.o(i.DMA2_Stream0_IRQHandler) for DMA2_Stream0_IRQHandler
    startup_stm32f40_41xxx.o(RESET) refers to dma.o(i.DMA2_Stream5_IRQHandler) for DMA2_Stream5_IRQHandler
    startup_stm32f40_41xxx.o(RESET) refers to mg200.o(i.USART6_IRQHandler) for USART6_IRQHandler
    startup_stm32f40_41xxx.o(.text) refers (Special) to heapauxi.o(.text) for __use_two_region_memory
    startup_stm32f40_41xxx.o(.text) refers to system_stm32f4xx.o(i.SystemInit) for SystemInit
    startup_stm32f40_41xxx.o(.text) refers to __main.o(!!!main) for __main
    startup_stm32f40_41xxx.o(.text) refers to startup_stm32f40_41xxx.o(HEAP) for Heap_Mem
    startup_stm32f40_41xxx.o(.text) refers to startup_stm32f40_41xxx.o(STACK) for Stack_Mem
    main.o(i.main) refers to _printf_percent.o(.ARM.Collect$$_printf_percent$$00000000) for _printf_percent
    main.o(i.main) refers to _printf_d.o(.ARM.Collect$$_printf_percent$$00000009) for _printf_d
    main.o(i.main) refers to _printf_s.o(.ARM.Collect$$_printf_percent$$00000014) for _printf_s
    main.o(i.main) refers to _printf_dec.o(.text) for _printf_int_dec
    main.o(i.main) refers to _printf_str.o(.text) for _printf_str
    main.o(i.main) refers to _printf_f.o(.ARM.Collect$$_printf_percent$$00000003) for _printf_f
    main.o(i.main) refers to printf1.o(x$fpl$printf1) for _printf_fp_dec
    main.o(i.main) refers to rt_memclr_w.o(.text) for __aeabi_memclr4
    main.o(i.main) refers to rt_memcpy_w.o(.text) for __aeabi_memcpy4
    main.o(i.main) refers to bs8116.o(i.BS8116_I2C_Pin_Init) for BS8116_I2C_Pin_Init
    main.o(i.main) refers to key.o(i.Key_Init) for Key_Init
    main.o(i.main) refers to usart.o(i.Usart_Init) for Usart_Init
    main.o(i.main) refers to tim3.o(i.Tim3_Init) for Tim3_Init
    main.o(i.main) refers to rfid.o(i.RFID_Init) for RFID_Init
    main.o(i.main) refers to tim.o(i.TIM5_Init_DS_MS) for TIM5_Init_DS_MS
    main.o(i.main) refers to spi.o(i.W25q64_Init) for W25q64_Init
    main.o(i.main) refers to at24c04.o(i.AT24C04_Init) for AT24C04_Init
    main.o(i.main) refers to voice.o(i.Voice_Init) for Voice_Init
    main.o(i.main) refers to voice.o(i.Voice_Output) for Voice_Output
    main.o(i.main) refers to lcd.o(i.st7789vm_init) for st7789vm_init
    main.o(i.main) refers to adc.o(i.ADC1_Init) for ADC1_Init
    main.o(i.main) refers to adc.o(i.DMA_ADC_Transfer_Init) for DMA_ADC_Transfer_Init
    main.o(i.main) refers to rtc.o(i.Rtc_Init) for Rtc_Init
    main.o(i.main) refers to rtc.o(i.Rtc_Wake_Up_Init) for Rtc_Wake_Up_Init
    main.o(i.main) refers to rtc.o(i.RTC_Alarm_A_Init) for RTC_Alarm_A_Init
    main.o(i.main) refers to mg200.o(i.MG200_Init) for MG200_Init
    main.o(i.main) refers to esp32.o(i.Usart2_Init) for Usart2_Init
    main.o(i.main) refers to esp32.o(i.ESP32_TCP_Init) for ESP32_TCP_Init
    main.o(i.main) refers to esp32.o(i.ESP32_Wifi_connect) for ESP32_Wifi_connect
    main.o(i.main) refers to lcd.o(i.st7789vm_clear_display) for st7789vm_clear_display
    main.o(i.main) refers to lcd.o(i.Display_String) for Display_String
    main.o(i.main) refers to esp32.o(i.Esp32_Severconnect) for Esp32_Severconnect
    main.o(i.main) refers to esp32.o(i.ESP32_SendAndReceive) for ESP32_SendAndReceive
    main.o(i.main) refers to noretval__2printf.o(.text) for __2printf
    main.o(i.main) refers to noretval__2sprintf.o(.text) for __2sprintf
    main.o(i.main) refers to total.o(i.Read_Data_FromW25q64) for Read_Data_FromW25q64
    main.o(i.main) refers to strstr.o(.text) for strstr
[...]
    .constdata                               0x0800772c   Section       59  main.o(.constdata)
    .constdata                               0x08007768   Section      152  esp32.o(.constdata)
    .constdata                               0x08007800   Section       12  mqtt.o(.constdata)
    .constdata                               0x0800780c   Section       40  _printf_hex_int.o(.constdata)
    uc_hextab                                0x0800780c   Data          20  _printf_hex_int.o(.constdata)
    lc_hextab                                0x08007820   Data          20  _printf_hex_int.o(.constdata)
    .constdata                               0x08007834   Section       17  __printf_flags_wp.o(.constdata)
    maptable                                 0x08007834   Data          17  __printf_flags_wp.o(.constdata)
    .constdata                               0x08007848   Section      148  bigflt0.o(.constdata)
    tenpwrs_x                                0x08007848   Data          60  bigflt0.o(.constdata)
    tenpwrs_i                                0x08007884   Data          64  bigflt0.o(.constdata)
    .conststring                             0x080078dc   Section      155  main.o(.conststring)
    .conststring                             0x08007978   Section       21  rtc.o(.conststring)
    locale$$data                             0x080079b0   Section       28  lc_numeric_c.o(locale$$data)
    __lcnum_c_name                           0x080079b4   Data           2  lc_numeric_c.o(locale$$data)
    __lcnum_c_start                          0x080079bc   Data           0  lc_numeric_c.o(locale$$data)
    __lcnum_c_point                          0x080079c8   Data           0  lc_numeric_c.o(locale$$data)
    __lcnum_c_thousands                      0x080079ca   Data           0  lc_numeric_c.o(locale$$data)
    __lcnum_c_grouping                       0x080079cb   Data           0  lc_numeric_c.o(locale$$data)
    __lcnum_c_end                            0x080079cc   Data           0  lc_numeric_c.o(locale$$data)
    .data                                    0x20000000   Section        4  led.o(.data)
    dir                                      0x20000000   Data           1  led.o(.data)
    val                                      0x20000002   Data           2  led.o(.data)
    .data                                    0x20000004   Section        4  usart.o(.data)
    .data                                    0x20000008   Section       13  total.o(.data)
    cnt                                      0x20000008   Data           1  total.o(.data)
    cnt                                      0x20000009   Data           1  total.o(.data)
    cnt                                      0x2000000a   Data           1  total.o(.data)
    cnt                                      0x2000000b   Data           1  total.o(.data)
    psw                                      0x2000000c   Data           7  total.o(.data)
    buf                                      0x20000013   Data           2  total.o(.data)
    .data                                    0x20000018   Section       89  rtc.o(.data)
    .data                                    0x20000074   Section        4  adc.o(.data)
    .data                                    0x20000078   Section        6  systick.o(.data)
    .data                                    0x20000080   Section       46  mqtt.o(.data)
    id                                       0x200000ac   Data           2  mqtt.o(.data)
    .data                                    0x200000ae   Section       16  stm32f4xx_rcc.o(.data)
    APBAHBPrescTable                         0x200000ae   Data          16  stm32f4xx_rcc.o(.data)
    .bss                                     0x200000c0   Section     8204  usart.o(.bss)
    .bss                                     0x200020cc   Section       42  total.o(.bss)
    .bss                                     0x200020f6   Section       20  adc.o(.bss)
    .bss                                     0x2000210a   Section       12  mg200.o(.bss)
    .bss                                     0x20002116   Section     1028  esp32.o(.bss)
    .bss                                     0x2000251a   Section      512  mqtt.o(.bss)
    .bss                                     0x2000271c   Section       96  libspace.o(.bss)
    HEAP                                     0x20002780   Section      512  startup_stm32f40_41xxx.o(HEAP)
    Heap_Mem                                 0x20002780   Data         512  startup_stm32f40_41xxx.o(HEAP)
    STACK                                    0x20002980   Section     1024  startup_stm32f40_41xxx.o(STACK)
    Stack_Mem                                0x20002980   Data        1024  startup_stm32f40_41xxx.o(STACK)
    __initial_sp                             0x20002d80   Data           0  startup_stm32f40_41xxx.o(STACK)

    Global Symbols

    Symbol Name                              Value     Ov Type        Size  Object(Section)

    BuildAttributes$$THM_ISAv4$E$P$D$K$B$S$7EM$VFPi3$EXTD16$VFPS$VFMA$PE$A:L22UL41UL21$X:L11$S22US41US21$IEEE1$IW$USESV6$~STKCKD$USESV7$~SHL$OTIME$ROPI$IEEEJ$EBA8$UX$STANDARDLIB$REQ8$PRES8$EABIv2 0x00000000   Number         0  anon$$obj.o ABSOLUTE
    __ARM_use_no_argv                        0x00000000   Number         0  main.o ABSOLUTE
    _printf_flags                            0x00000000   Number         0  printf_stubs.o ABSOLUTE
    _printf_return_value                     0x00000000   Number         0  printf_stubs.o ABSOLUTE
    _printf_sizespec                         0x00000000   Number         0  printf_stubs.o ABSOLUTE
    _printf_widthprec                        0x00000000   Number         0  printf_stubs.o ABSOLUTE
    __ARM_exceptions_init                     - Undefined Weak Reference
    __alloca_initialize                       - Undefined Weak Reference
    __arm_preinit_                            - Undefined Weak Reference
    __cpp_initialize__aeabi_                  - Undefined Weak Reference
    __cxa_finalize                            - Undefined Weak Reference
    __sigvec_lookup                           - Undefined Weak Reference
    _atexit_init                              - Undefined Weak Reference
    _call_atexit_fns                          - Undefined Weak Reference
    _clock_init                               - Undefined Weak Reference
    _fp_trap_init                             - Undefined Weak Reference
    _fp_trap_shutdown                         - Undefined Weak Reference
    _get_lc_collate                           - Undefined Weak Reference
    _get_lc_ctype                             - Undefined Weak Reference
    _get_lc_monetary                          - Undefined Weak Reference
    _get_lc_time                              - Undefined Weak Reference
    _getenv_init                              - Undefined Weak Reference
    _handle_redirection                       - Undefined Weak Reference
    _init_alloc                               - Undefined Weak Reference
    _init_user_alloc                          - Undefined Weak Reference
    _initio                                   - Undefined Weak Reference
    _printf_mbtowc                            - Undefined Weak Reference
    _printf_truncate_signed                   - Undefined Weak Reference
    _printf_truncate_unsigned                 - Undefined Weak Reference
    _rand_init                                - Undefined Weak Reference
    _signal_finish                            - Undefined Weak Reference
    _signal_init                              - Undefined Weak Reference
    _terminate_alloc                          - Undefined Weak Reference
    _terminate_user_alloc                     - Undefined Weak Reference
    _terminateio                              - Undefined Weak Reference
    __Vectors_Size                           0x00000188   Number         0  startup_stm32f40_41xxx.o ABSOLUTE
    __Vectors                                0x08000000   Data           4  startup_stm32f40_41xxx.o(RESET)
    __Vectors_End                            0x08000188   Data           0  startup_stm32f40_41xxx.o(RESET)
    __main                                   0x08000189   Thumb Code     8  __main.o(!!!main)
    __scatterload                            0x08000191   Thumb Code     0  __scatter.o(!!!scatter)
    __scatterload_rt2                        0x08000191   Thumb Code    44  __scatter.o(!!!scatter)
    __scatterload_rt2_thumb_only             0x08000191   Thumb Code     0  __scatter.o(!!!scatter)
    __scatterload_null                       0x0800019f   Thumb Code     0  __scatter.o(!!!scatter)
    __scatterload_copy                       0x080001c5   Thumb Code    26  __scatter_copy.o(!!handler_copy)
    __scatterload_zeroinit                   0x080001e1   Thumb Code    28  __scatter_zi.o(!!handler_zi)
    _printf_f                                0x080001fd   Thumb Code     0  _printf_f.o(.ARM.Collect$$_printf_percent$$00000003)
    _printf_percent                          0x080001fd   Thumb Code     0  _printf_percent.o(.ARM.Collect$$_printf_percent$$00000000)
    _printf_d                                0x08000203   Thumb Code     0  _printf_d.o(.ARM.Collect$$_printf_percent$$00000009)
    _printf_x                                0x08000209   Thumb Code     0  _printf_x.o(.ARM.Collect$$_printf_percent$$0000000C)
    _printf_c                                0x0800020f   Thumb Code     0  _printf_c.o(.ARM.Collect$$_printf_percent$$00000013)
    _printf_s                                0x08000215   Thumb Code     0  _printf_s.o(.ARM.Collect$$_printf_percent$$00000014)
    _printf_percent_end                      0x0800021b   Thumb Code     0  _printf_percent_end.o(.ARM.Collect$$_printf_percent$$00000017)
    __rt_lib_init                            0x0800021f   Thumb Code     0  libinit.o(.ARM.Collect$$libinit$$00000000)
    __rt_lib_init_fp_1                       0x08000221   Thumb Code     0  libinit2.o(.ARM.Collect$$libinit$$00000001)
    __rt_lib_init_heap_1                     0x08000225   Thumb Code     0  libinit2.o(.ARM.Collect$$libinit$$0000000A)
    __rt_lib_init_lc_common                  0x08000225   Thumb Code     0  libinit2.o(.ARM.Collect$$libinit$$0000000F)
    __rt_lib_init_preinit_1                  0x08000225   Thumb Code     0  libinit2.o(.ARM.Collect$$libinit$$00000004)
    __rt_lib_init_rand_1                     0x08000225   Thumb Code     0  libinit2.o(.ARM.Collect$$libinit$$0000000E)
    __rt_lib_init_user_alloc_1               0x08000225   Thumb Code     0  libinit2.o(.ARM.Collect$$libinit$$0000000C)
    __rt_lib_init_lc_collate_1               0x0800022b   Thumb Code     0  libinit2.o(.ARM.Collect$$libinit$$00000011)
    __rt_lib_init_lc_ctype_1                 0x0800022b   Thumb Code     0  libinit2.o(.ARM.Collect$$libinit$$00000013)
    __rt_lib_init_lc_monetary_1              0x0800022b   Thumb Code     0  libinit2.o(.ARM.Collect$$libinit$$00000015)
    __rt_lib_init_lc_numeric_2               0x0800022b   Thumb Code     0  libinit2.o(.ARM.Collect$$libinit$$00000016)
    __rt_lib_init_alloca_1                   0x08000235   Thumb Code     0  libinit2.o(.ARM.Collect$$libinit$$0000002E)
    __rt_lib_init_argv_1                     0x08000235   Thumb Code     0  libinit2.o(.ARM.Collect$$libinit$$0000002C)
    __rt_lib_init_atexit_1                   0x08000235   Thumb Code     0  libinit2.o(.ARM.Collect$$libinit$$0000001B)
    __rt_lib_init_clock_1                    0x08000235   Thumb Code     0  libinit2.o(.ARM.Collect$$libinit$$00000021)
    __rt_lib_init_cpp_1                      0x08000235   Thumb Code     0  libinit2.o(.ARM.Collect$$libinit$$00000032)
    __rt_lib_init_exceptions_1               0x08000235   Thumb Code     0  libinit2.o(.ARM.Collect$$libinit$$00000030)
    __rt_lib_init_fp_trap_1                  0x08000235   Thumb Code     0  libinit2.o(.ARM.Collect$$libinit$$0000001F)
    __rt_lib_init_getenv_1                   0x08000235   Thumb Code     0  libinit2.o(.ARM.Collect$$libinit$$00000023)
    __rt_lib_init_lc_numeric_1               0x08000235   Thumb Code     0  libinit2.o(.ARM.Collect$$libinit$$00000017)
    __rt_lib_init_lc_time_1                  0x08000235   Thumb Code     0  libinit2.o(.ARM.Collect$$libinit$$00000019)
    __rt_lib_init_return                     0x08000235   Thumb Code     0  libinit2.o(.ARM.Collect$$libinit$$00000033)
    __rt_lib_init_signal_1                   0x08000235   Thumb Code     0  libinit2.o(.ARM.Collect$$libinit$$0000001D)
    __rt_lib_init_stdio_1                    0x08000235   Thumb Code     0  libinit2.o(.ARM.Collect$$libinit$$00000025)
    __rt_lib_shutdown                        0x08000237   Thumb Code     0  libshutdown.o(.ARM.Collect$$libshutdown$$00000000)
    __rt_lib_shutdown_fp_trap_1              0x08000239   Thumb Code     0  libshutdown2.o(.ARM.Collect$$libshutdown$$00000006)
    __rt_lib_shutdown_heap_1                 0x08000239   Thumb Code     0  libshutdown2.o(.ARM.Collect$$libshutdown$$0000000E)
    __rt_lib_shutdown_return                 0x08000239   Thumb Code     0  libshutdown2.o(.ARM.Collect$$libshutdown$$0000000F)
    __rt_lib_shutdown_signal_1               0x08000239   Thumb Code     0  libshutdown2.o(.ARM.Collect$$libshutdown$$00000009)
    __rt_lib_shutdown_stdio_1                0x08000239   Thumb Code     0  libshutdown2.o(.ARM.Collect$$libshutdown$$00000003)
    __rt_lib_shutdown_user_alloc_1           0x08000239   Thumb Code     0  libshutdown2.o(.ARM.Collect$$libshutdown$$0000000B)
    __rt_entry                               0x0800023b   Thumb Code     0  __rtentry.o(.ARM.Collect$$rtentry$$00000000)
    __rt_entry_presh_1                       0x0800023b   Thumb Code     0  __rtentry2.o(.ARM.Collect$$rtentry$$00000002)
    __rt_entry_sh                            0x0800023b   Thumb Code     0  __rtentry4.o(.ARM.Collect$$rtentry$$00000004)
    __rt_entry_li                            0x08000241   Thumb Code     0  __rtentry2.o(.ARM.Collect$$rtentry$$0000000A)
    __rt_entry_postsh_1                      0x08000241   Thumb Code     0  __rtentry2.o(.ARM.Collect$$rtentry$$00000009)
    __rt_entry_main                          0x08000245   Thumb Code     0  __rtentry2.o(.ARM.Collect$$rtentry$$0000000D)
    __rt_entry_postli_1                      0x08000245   Thumb Code     0  __rtentry2.o(.ARM.Collect$$rtentry$$0000000C)
    __rt_exit                                0x0800024d   Thumb Code     0  rtexit.o(.ARM.Collect$$rtexit$$00000000)
    __rt_exit_ls                             0x0800024f   Thumb Code     0  rtexit2.o(.ARM.Collect$$rtexit$$00000003)
    __rt_exit_prels_1                        0x0800024f   Thumb Code     0  rtexit2.o(.ARM.Collect$$rtexit$$00000002)
    __rt_exit_exit                           0x08000253   Thumb Code     0  rtexit2.o(.ARM.Collect$$rtexit$$00000004)
    Reset_Handler                            0x08000259   Thumb Code     8  startup_stm32f40_41xxx.o(.text)
    NMI_Handler                              0x08000261   Thumb Code     2  startup_stm32f40_41xxx.o(.text)
    HardFault_Handler                        0x08000263   Thumb Code     2  startup_stm32f40_41xxx.o(.text)
    MemManage_Handler                        0x08000265   Thumb Code     2  startup_stm32f40_41xxx.o(.text)
    BusFault_Handler                         0x08000267   Thumb Code     2  startup_stm32f40_41xxx.o(.text)
    UsageFault_Handler                       0x08000269   Thumb Code     2  startup_stm32f40_41xxx.o(.text)
    SVC_Handler                              0x0800026b   Thumb Code     2  startup_stm32f40_41xxx.o(.text)
    DebugMon_Handler                         0x0800026d   Thumb Code     2  startup_stm32f40_41xxx.o(.text)
    PendSV_Handler                           0x0800026f   Thumb Code     2  startup_stm32f40_41xxx.o(.text)
    ADC_IRQHandler                           0x08000273   Thumb Code     0  startup_stm32f40_41xxx.o(.text)
    CAN1_RX0_IRQHandler                      0x08000273   Thumb Code     0  startup_stm32f40_41xxx.o(.text)
    CAN1_RX1_IRQHandler                      0x08000273   Thumb Code     0  startup_stm32f40_41xxx.o(.text)
    CAN1_SCE_IRQHandler                      0x08000273   Thumb Code     0  startup_stm32f40_41xxx.o(.text)
    CAN1_TX_IRQHandler                       0x08000273   Thumb Code     0  startup_stm32f40_41xxx.o(.text)
    CAN2_RX0_IRQHandler                      0x08000273   Thumb Code     0  startup_stm32f40_41xxx.o(.text)
    CAN2_RX1_IRQHandler                      0x08000273   Thumb Code     0  startup_stm32f40_41xxx.o(.text)
    CAN2_SCE_IRQHandler                      0x08000273   Thumb Code     0  startup_stm32f40_41xxx.o(.text)
    CAN2_TX_IRQHandler                       0x08000273   Thumb Code     0  startup_stm32f40_41xxx.o(.text)
    CRYP_IRQHandler                          0x08000273   Thumb Code     0  startup_stm32f40_41xxx.o(.text)
    DCMI_IRQHandler                          0x08000273   Thumb Code     0  startup_stm32f40_41xxx.o(.text)
    DMA1_Stream0_IRQHandler                  0x08000273   Thumb Code     0  startup_stm32f40_41xxx.o(.text)
    DMA1_Stream1_IRQHandler                  0x08000273   Thumb Code     0  startup_stm32f40_41xxx.o(.text)
    DMA1_Stream2_IRQHandler                  0x08000273   Thumb Code     0  startup_stm32f40_41xxx.o(.text)
    DMA1_Stream3_IRQHandler                  0x08000273   Thumb Code     0  startup_stm32f40_41xxx.o(.text)
    DMA1_Stream4_IRQHandler                  0x08000273   Thumb Code     0  startup_stm32f40_41xxx.o(.text)
    DMA1_Stream5_IRQHandler                  0x08000273   Thumb Code     0  startup_stm32f40_41xxx.o(.text)
    DMA1_Stream6_IRQHandler                  0x08000273   Thumb Code     0  startup_stm32f40_41xxx.o(.text)
    DMA1_Stream7_IRQHandler                  0x08000273   Thumb Code     0  startup_stm32f40_41xxx.o(.text)
    DMA2_Stream1_IRQHandler                  0x08000273   Thumb Code     0  startup_stm32f40_41xxx.o(.text)
    DMA2_Stream2_IRQHandler                  0x08000273   Thumb Code     0  startup_stm32f40_41xxx.o(.text)
    DMA2_Stream3_IRQHandler                  0x08000273   Thumb Code     0  startup_stm32f40_41xxx.o(.text)
    DMA2_Stream4_IRQHandler                  0x08000273   Thumb Code     0  startup_stm32f40_41xxx.o(.text)
    DMA2_Stream6_IRQHandler                  0x08000273   Thumb Code     0  startup_stm32f40_41xxx.o(.text)
    DMA2_Stream7_IRQHandler                  0x08000273   Thumb Code     0  startup_stm32f40_41xxx.o(.text)
    ETH_IRQHandler                           0x08000273   Thumb Code     0  startup_stm32f40_41xxx.o(.text)
    ETH_WKUP_IRQHandler                      0x08000273   Thumb Code     0  startup_stm32f40_41xxx.o(.text)
    EXTI0_IRQHandler                         0x08000273   Thumb Code     0  startup_stm32f40_41xxx.o(.text)
    EXTI15_10_IRQHandler                     0x08000273   Thumb Code     0  startup_stm32f40_41xxx.o(.text)
    EXTI1_IRQHandler                         0x08000273   Thumb Code     0  startup_stm32f40_41xxx.o(.text)
    EXTI2_IRQHandler                         0x08000273   Thumb Code     0  startup_stm32f40_41xxx.o(.text)
    EXTI3_IRQHandler                         0x08000273   Thumb Code     0  startup_stm32f40_41xxx.o(.text)
    EXTI4_IRQHandler                         0x08000273   Thumb Code     0  startup_stm32f40_41xxx.o(.text)
    EXTI9_5_IRQHandler                       0x08000273   Thumb Code     0  startup_stm32f40_41xxx.o(.text)
    FLASH_IRQHandler                         0x08000273   Thumb Code     0  startup_stm32f40_41xxx.o(.text)
    FPU_IRQHandler                           0x08000273   Thumb Code     0  startup_stm32f40_41xxx.o(.text)
    FSMC_IRQHandler                          0x08000273   Thumb Code     0  startup_stm32f40_41xxx.o(.text)
    HASH_RNG_IRQHandler                      0x08000273   Thumb Code     0  startup_stm32f40_41xxx.o(.text)
    I2C1_ER_IRQHandler                       0x08000273   Thumb Code     0  startup_stm32f40_41xxx.o(.text)
    I2C1_EV_IRQHandler                       0x08000273   Thumb Code     0  startup_stm32f40_41xxx.o(.text)
    I2C2_ER_IRQHandler                       0x08000273   Thumb Code     0  startup_stm32f40_41xxx.o(.text)
    I2C2_EV_IRQHandler                       0x08000273   Thumb Code     0  startup_stm32f40_41xxx.o(.text)
    I2C3_ER_IRQHandler                       0x08000273   Thumb Code     0  startup_stm32f40_41xxx.o(.text)
    I2C3_EV_IRQHandler                       0x08000273   Thumb Code     0  startup_stm32f40_41xxx.o(.text)
    OTG_FS_IRQHandler                        0x08000273   Thumb Code     0  startup_stm32f40_41xxx.o(.text)
    OTG_FS_WKUP_IRQHandler                   0x08000273   Thumb Code     0  startup_stm32f40_41xxx.o(.text)
    OTG_HS_EP1_IN_IRQHandler                 0x08000273   Thumb Code     0  startup_stm32f40_41xxx.o(.text)
    OTG_HS_EP1_OUT_IRQHandler                0x08000273   Thumb Code     0  startup_stm32f40_41xxx.o(.text)
    OTG_HS_IRQHandler                        0x08000273   Thumb Code     0  startup_stm32f40_41xxx.o(.text)
    OTG_HS_WKUP_IRQHandler                   0x08000273   Thumb Code     0  startup_stm32f40_41xxx.o(.text)
    PVD_IRQHandler                           0x08000273   Thumb Code     0  startup_stm32f40_41xxx.o(.text)
    RCC_IRQHandler                           0x08000273   Thumb Code     0  startup_stm32f40_41xxx.o(.text)
    SDIO_IRQHandler                          0x08000273   Thumb Code     0  startup_stm32f40_41xxx.o(.text)
    SPI1_IRQHandler                          0x08000273   Thumb Code     0  startup_stm32f40_41xxx.o(.text)
    SPI2_IRQHandler                          0x08000273   Thumb Code     0  startup_stm32f40_41xxx.o(.text)
    SPI3_IRQHandler                          0x08000273   Thumb Code     0  startup_stm32f40_41xxx.o(.text)
    TAMP_STAMP_IRQHandler                    0x08000273   Thumb Code     0  startup_stm32f40_41xxx.o(.text)
    TIM1_BRK_TIM9_IRQHandler                 0x08000273   Thumb Code     0  startup_stm32f40_41xxx.o(.text)
    TIM1_CC_IRQHandler                       0x08000273   Thumb Code     0  startup_stm32f40_41xxx.o(.text)
    TIM1_TRG_COM_TIM11_IRQHandler            0x08000273   Thumb Code     0  startup_stm32f40_41xxx.o(.text)
    TIM1_UP_TIM10_IRQHandler                 0x08000273   Thumb Code     0  startup_stm32f40_41xxx.o(.text)
    TIM2_IRQHandler                          0x08000273   Thumb Code     0  startup_stm32f40_41xxx.o(.text)
    TIM3_IRQHandler                          0x08000273   Thumb Code     0  startup_stm32f40_41xxx.o(.text)
    TIM5_IRQHandler                          0x08000273   Thumb Code     0  startup_stm32f40_41xxx.o(.text)
    TIM6_DAC_IRQHandler                      0x08000273   Thumb Code     0  startup_stm32f40_41xxx.o(.text)
    TIM7_IRQHandler                          0x08000273   Thumb Code     0  startup_stm32f40_41xxx.o(.text)
    TIM8_BRK_TIM12_IRQHandler                0x08000273   Thumb Code     0  startup_stm32f40_41xxx.o(.text)
    TIM8_CC_IRQHandler                       0x08000273   Thumb Code     0  startup_stm32f40_41xxx.o(.text)
    TIM8_TRG_COM_TIM14_IRQHandler            0x08000273   Thumb Code     0  startup_stm32f40_41xxx.o(.text)
    TIM8_UP_TIM13_IRQHandler                 0x08000273   Thumb Code     0  startup_stm32f40_41xxx.o(.text)
    UART4_IRQHandler                         0x08000273   Thumb Code     0  startup_stm32f40_41xxx.o(.text)
    UART5_IRQHandler                         0x08000273   Thumb Code     0  startup_stm32f40_41xxx.o(.text)
    USART3_IRQHandler                        0x08000273   Thumb Code     0  startup_stm32f40_41xxx.o(.text)
    WWDG_IRQHandler                          0x08000273   Thumb Code     0  startup_stm32f40_41xxx.o(.text)
    __user_initial_stackheap                 0x08000275   Thumb Code     0  startup_stm32f40_41xxx.o(.text)
    __I$use$semihosting                      0x08000299   Thumb Code     0  use_no_semi.o(.text)
    __use_no_semihosting_swi                 0x08000299   Thumb Code     2  use_no_semi.o(.text)
    __2printf                                0x0800029d   Thumb Code    20  noretval__2printf.o(.text)
    __2sprintf                               0x080002b5   Thumb Code    34  noretval__2sprintf.o(.text)
    _printf_pre_padding                      0x080002dd   Thumb Code    44  _printf_pad.o(.text)
    _printf_post_padding                     0x08000309   Thumb Code    34  _printf_pad.o(.text)
    _printf_str                              0x0800032b   Thumb Code    82  _printf_str.o(.text)
    _printf_int_dec                          0x0800037d   Thumb Code   104  _printf_dec.o(.text)
    _printf_int_hex                          0x080003f5   Thumb Code    84  _printf_hex_int.o(.text)
    _printf_longlong_hex                     0x080003f5   Thumb Code     0  _printf_hex_int.o(.text)
    __printf                                 0x0800044d   Thumb Code   308  __printf_flags_wp.o(.text)
    strstr                                   0x08000585   Thumb Code    36  strstr.o(.text)
    strcpy                                   0x080005a9   Thumb Code    72  strcpy.o(.text)
    strlen                                   0x080005f1   Thumb Code    62  strlen.o(.text)
    strcat                                   0x0800062f   Thumb Code    24  strcat.o(.text)
    __aeabi_memcpy                           0x08000647   Thumb Code     0  rt_memcpy_v6.o(.text)
    __rt_memcpy                              0x08000647   Thumb Code   138  rt_memcpy_v6.o(.text)
    _memcpy_lastbytes                        0x080006ad   Thumb Code     0  rt_memcpy_v6.o(.text)
    __aeabi_memcpy4                          0x080006d1   Thumb Code     0  rt_memcpy_w.o(.text)
    __aeabi_memcpy8                          0x080006d1   Thumb Code     0  rt_memcpy_w.o(.text)
    __rt_memcpy_w                            0x080006d1   Thumb Code   100  rt_memcpy_w.o(.text)
    _memcpy_lastbytes_aligned                0x08000719   Thumb Code     0  rt_memcpy_w.o(.text)
    __aeabi_memclr4                          0x08000735   Thumb Code     0  rt_memclr_w.o(.text)
    __aeabi_memclr8                          0x08000735   Thumb Code     0  rt_memclr_w.o(.text)
    __rt_memclr_w                            0x08000735   Thumb Code    78  rt_memclr_w.o(.text)
    _memset_w                                0x08000739   Thumb Code     0  rt_memclr_w.o(.text)
    strcmp                                   0x08000785   Thumb Code   128  strcmpv7m.o(.text)
    __use_two_region_memory                  0x08000805   Thumb Code     2  heapauxi.o(.text)
    __rt_heap_escrow$2region                 0x08000807   Thumb Code     2  heapauxi.o(.text)
    __rt_heap_expand$2region                 0x08000809   Thumb Code     2  heapauxi.o(.text)
    _printf_int_common                       0x0800080b   Thumb Code   178  _printf_intcommon.o(.text)
    __lib_sel_fp_printf                      0x080008bd   Thumb Code     2  _printf_fp_dec.o(.text)
    _printf_fp_dec_real                      0x08000a6b   Thumb Code   620  _printf_fp_dec.o(.text)
    _printf_char_common                      0x08000ce3   Thumb Code    32  _printf_char_common.o(.text)
    _sputc                                   0x08000d09   Thumb Code    10  _sputc.o(.text)
    _printf_cs_common                        0x08000d13   Thumb Code    20  _printf_char.o(.text)
    _printf_char                             0x08000d27   Thumb Code    16  _printf_char.o(.text)
    _printf_string                           0x08000d37   Thumb Code     8  _printf_char.o(.text)
    _printf_char_file                        0x08000d41   Thumb Code    32  _printf_char_file.o(.text)
    __rt_locale                              0x08000d65   Thumb Code     8  rt_locale_intlibspace.o(.text)
    _ll_udiv10                               0x08000d6d   Thumb Code   138  lludiv10.o(.text)
    _printf_fp_infnan                        0x08000df9   Thumb Code   112  _printf_fp_infnan.o(.text)
    _btod_etento                             0x08000e79   Thumb Code   216  bigflt0.o(.text)
    __user_libspace                          0x08000f55   Thumb Code     8  libspace.o(.text)
    __user_perproc_libspace                  0x08000f55   Thumb Code     0  libspace.o(.text)
    __user_perthread_libspace                0x08000f55   Thumb Code     0  libspace.o(.text)
    __user_setup_stackheap                   0x08000f5d   Thumb Code    74  sys_stackheap_outer.o(.text)
    exit                                     0x08000fa7   Thumb Code    12  exit.o(.text)
    _btod_d2e                                0x08000fb3   Thumb Code    62  btod.o(CL$$btod_d2e)
    _d2e_denorm_low                          0x08000ff1   Thumb Code    70  btod.o(CL$$btod_d2e_denorm_low)
    _d2e_norm_op1                            0x08001037   Thumb Code    96  btod.o(CL$$btod_d2e_norm_op1)
    __btod_div_common                        0x08001097   Thumb Code   696  btod.o(CL$$btod_div_common)
    _e2e                                     0x080013cf   Thumb Code   198  btod.o(CL$$btod_e2e)
    _btod_ediv                               0x08001495   Thumb Code    40  btod.o(CL$$btod_ediv)
    _btod_emul                               0x080014bd   Thumb Code    40  btod.o(CL$$btod_emul)
    __btod_mult_common                       0x080014e5   Thumb Code   580  btod.o(CL$$btod_mult_common)
    ADC1_Init                                0x08001729   Thumb Code   138  adc.o(i.ADC1_Init)
    ADC_Cmd                                  0x080017b9   Thumb Code    22  stm32f4xx_adc.o(i.ADC_Cmd)
    ADC_CommonStructInit                     0x080017cf   Thumb Code    12  stm32f4xx_adc.o(i.ADC_CommonStructInit)
    ADC_DMACmd                               0x080017db   Thumb Code    22  stm32f4xx_adc.o(i.ADC_DMACmd)
    ADC_DMARequestAfterLastTransferCmd       0x080017f1   Thumb Code    22  stm32f4xx_adc.o(i.ADC_DMARequestAfterLastTransferCmd)
    ADC_Init                                 0x08001809   Thumb Code    74  stm32f4xx_adc.o(i.ADC_Init)
    ADC_RegularChannelConfig                 0x0800185d   Thumb Code   184  stm32f4xx_adc.o(i.ADC_RegularChannelConfig)
    ADC_SoftwareStartConv                    0x08001915   Thumb Code    10  stm32f4xx_adc.o(i.ADC_SoftwareStartConv)
    ADC_TempSensorVrefintCmd                 0x08001921   Thumb Code    34  stm32f4xx_adc.o(i.ADC_TempSensorVrefintCmd)
    AT24C04_Init                             0x0800194d   Thumb Code     8  at24c04.o(i.AT24C04_Init)
    Administrator_menu                       0x08001955   Thumb Code   702  total.o(i.Administrator_menu)
    BS8116_I2C_Pin_Init                      0x08001d7d   Thumb Code    90  bs8116.o(i.BS8116_I2C_Pin_Init)
    BS8116_I2C_Recieve_Byte                  0x08001de1   Thumb Code    90  bs8116.o(i.BS8116_I2C_Recieve_Byte)
    BS8116_I2C_Recivce_Ask                   0x08001e41   Thumb Code    58  bs8116.o(i.BS8116_I2C_Recivce_Ask)
    BS8116_I2C_Sent_Ask                      0x08001e81   Thumb Code    56  bs8116.o(i.BS8116_I2C_Sent_Ask)
    BS8116_I2C_Sent_Byte                     0x08001ebd   Thumb Code    88  bs8116.o(i.BS8116_I2C_Sent_Byte)
    BS8116_I2C_Start                         0x08001f19   Thumb Code    64  bs8116.o(i.BS8116_I2C_Start)
    BS8116_I2C_Stop                          0x08001f5d   Thumb Code    42  bs8116.o(i.BS8116_I2C_Stop)
    Bs8116_ReadKey                           0x08001f9d   Thumb Code   288  bs8116.o(i.Bs8116_ReadKey)
    CalulateCRC                              0x080020c1   Thumb Code   108  rfid.o(i.CalulateCRC)
    Change_Adm_Password                      0x0800212d   Thumb Code   616  total.o(i.Change_Adm_Password)
    Change_Password                          0x08002429   Thumb Code   292  total.o(i.Change_Password)
    ClearBitMask                             0x08002595   Thumb Code    28  rfid.o(i.ClearBitMask)
    DMA2_Stream0_IRQHandler                  0x08002841   Thumb Code   220  adc.o(i.DMA2_Stream0_IRQHandler)
    DMA2_Stream5_IRQHandler                  0x0800294d   Thumb Code    24  dma.o(i.DMA2_Stream5_IRQHandler)
    DMA_ADC_Transfer_Init                    0x08002971   Thumb Code   254  adc.o(i.DMA_ADC_Transfer_Init)
    DMA_ClearFlag                            0x08002a89   Thumb Code    38  stm32f4xx_dma.o(i.DMA_ClearFlag)
    DMA_ClearITPendingBit                    0x08002abd   Thumb Code    38  stm32f4xx_dma.o(i.DMA_ClearITPendingBit)
    DMA_Cmd                                  0x08002af1   Thumb Code    22  stm32f4xx_dma.o(i.DMA_Cmd)
    DMA_GetCurrDataCounter                   0x08002b07   Thumb Code     8  stm32f4xx_dma.o(i.DMA_GetCurrDataCounter)
    DMA_ITConfig                             0x08002b0f   Thumb Code    58  stm32f4xx_dma.o(i.DMA_ITConfig)
    DMA_Init                                 0x08002b49   Thumb Code    82  stm32f4xx_dma.o(i.DMA_Init)
    Display_Chi                              0x08002bb9   Thumb Code   254  lcd.o(i.Display_Chi)
    Display_Eng                              0x08002cc1   Thumb Code   244  lcd.o(i.Display_Eng)
    Display_OnePoint                         0x08002dbd   Thumb Code    28  lcd.o(i.Display_OnePoint)
    Display_String                           0x08002dd9   Thumb Code   124  lcd.o(i.Display_String)
    ESP32_Restore                            0x08002e55   Thumb Code    64  esp32.o(i.ESP32_Restore)
    ESP32_SendAndReceive                     0x08002ec1   Thumb Code    56  esp32.o(i.ESP32_SendAndReceive)
    ESP32_TCP_Init                           0x08002efd   Thumb Code   112  esp32.o(i.ESP32_TCP_Init)
    ESP32_Wifi_connect                       0x08003001   Thumb Code   100  esp32.o(i.ESP32_Wifi_connect)
    EXTI_ClearITPendingBit                   0x08003089   Thumb Code     6  stm32f4xx_exti.o(i.EXTI_ClearITPendingBit)
    EXTI_Init                                0x08003095   Thumb Code   142  stm32f4xx_exti.o(i.EXTI_Init)
    Esp32_SendByte                           0x08003129   Thumb Code    44  esp32.o(i.Esp32_SendByte)
    Esp32_Severconnect                       0x08003159   Thumb Code    98  esp32.o(i.Esp32_Severconnect)
    Exit_CipMode                             0x080031ed   Thumb Code    18  esp32.o(i.Exit_CipMode)
    GPIO_Init                                0x08003205   Thumb Code   144  stm32f4xx_gpio.o(i.GPIO_Init)
    GPIO_PinAFConfig                         0x08003295   Thumb Code    70  stm32f4xx_gpio.o(i.GPIO_PinAFConfig)
    GPIO_ReadInputDataBit                    0x080032db   Thumb Code    18  stm32f4xx_gpio.o(i.GPIO_ReadInputDataBit)
    GPIO_ResetBits                           0x080032ed   Thumb Code     4  stm32f4xx_gpio.o(i.GPIO_ResetBits)
    GPIO_SetBits                             0x080032f1   Thumb Code     4  stm32f4xx_gpio.o(i.GPIO_SetBits)
    GetUserNum                               0x080032f5   Thumb Code    86  mg200.o(i.GetUserNum)
    I2C_Pin_Init                             0x08003371   Thumb Code    70  i2c.o(i.I2C_Pin_Init)
    Judge_RunYear                            0x080033d5   Thumb Code    50  rtc.o(i.Judge_RunYear)
    Key_Init                                 0x08003409   Thumb Code    48  key.o(i.Key_Init)
    M500PcdConfigISOType                     0x0800343d   Thumb Code    92  rfid.o(i.M500PcdConfigISOType)
    MG200_Init                               0x08003499   Thumb Code    12  mg200.o(i.MG200_Init)
    MG200_Pin_Init                           0x080034a5   Thumb Code    78  mg200.o(i.MG200_Pin_Init)
    MG200_Receive                            0x080034f9   Thumb Code   124  mg200.o(i.MG200_Receive)
    MG200_SendByte                           0x08003579   Thumb Code    32  mg200.o(i.MG200_SendByte)
    MG200_SendCmd                            0x0800359d   Thumb Code    62  mg200.o(i.MG200_SendCmd)
    Matchln                                  0x080035dd   Thumb Code   102  mg200.o(i.Matchln)
    PWM_Close_door                           0x080036fd   Thumb Code    28  tim3.o(i.PWM_Close_door)
    PWM_Open_door                            0x0800371d   Thumb Code    30  tim3.o(i.PWM_Open_door)
    PWR_BackupAccessCmd                      0x0800373d   Thumb Code     6  stm32f4xx_pwr.o(i.PWR_BackupAccessCmd)
    Page_Program                             0x08003749   Thumb Code    98  w25q64.o(i.Page_Program)
    PcdAntennaOff                            0x080037b1   Thumb Code    12  rfid.o(i.PcdAntennaOff)
    PcdAntennaOn                             0x080037bd   Thumb Code    26  rfid.o(i.PcdAntennaOn)
    PcdAnticoll                              0x080037d7   Thumb Code   112  rfid.o(i.PcdAnticoll)
    PcdComMF522                              0x08003847   Thumb Code   318  rfid.o(i.PcdComMF522)
    PcdRequest                               0x08003985   Thumb Code    86  rfid.o(i.PcdRequest)
    PcdReset                                 0x080039dd   Thumb Code   118  rfid.o(i.PcdReset)
    PcdSelect                                0x08003a59   Thumb Code   116  rfid.o(i.PcdSelect)
    RCC_AHB1PeriphClockCmd                   0x08003c09   Thumb Code    26  stm32f4xx_rcc.o(i.RCC_AHB1PeriphClockCmd)
    RCC_APB1PeriphClockCmd                   0x08003c29   Thumb Code    26  stm32f4xx_rcc.o(i.RCC_APB1PeriphClockCmd)
    RCC_APB2PeriphClockCmd                   0x08003c49   Thumb Code    26  stm32f4xx_rcc.o(i.RCC_APB2PeriphClockCmd)
    RCC_GetClocksFreq                        0x08003c69   Thumb Code   214  stm32f4xx_rcc.o(i.RCC_GetClocksFreq)
    RCC_LSEConfig                            0x08003d51   Thumb Code    40  stm32f4xx_rcc.o(i.RCC_LSEConfig)
    RCC_RTCCLKCmd                            0x08003d7d   Thumb Code     6  stm32f4xx_rcc.o(i.RCC_RTCCLKCmd)
    RCC_RTCCLKConfig                         0x08003d89   Thumb Code    50  stm32f4xx_rcc.o(i.RCC_RTCCLKConfig)
    RFID_Init                                0x08003dc5   Thumb Code    18  rfid.o(i.RFID_Init)
    RFID_SPI_GPIO_Init                       0x08003dd9   Thumb Code   106  rfid.o(i.RFID_SPI_GPIO_Init)
    RTC_AlarmCmd                             0x08003e51   Thumb Code   112  stm32f4xx_rtc.o(i.RTC_AlarmCmd)
    RTC_Alarm_A_Init                         0x08003ec5   Thumb Code   286  rtc.o(i.RTC_Alarm_A_Init)
    RTC_Alarm_IRQHandler                     0x08003fe5   Thumb Code    36  rtc.o(i.RTC_Alarm_IRQHandler)
    RTC_ClearITPendingBit                    0x08004049   Thumb Code    28  stm32f4xx_rtc.o(i.RTC_ClearITPendingBit)
    RTC_EnterInitMode                        0x08004069   Thumb Code    76  stm32f4xx_rtc.o(i.RTC_EnterInitMode)
    RTC_ExitInitMode                         0x080040b9   Thumb Code    14  stm32f4xx_rtc.o(i.RTC_ExitInitMode)
    RTC_GetDate                              0x080040cd   Thumb Code    68  stm32f4xx_rtc.o(i.RTC_GetDate)
    RTC_GetFlagStatus                        0x08004119   Thumb Code    32  stm32f4xx_rtc.o(i.RTC_GetFlagStatus)
    RTC_GetITStatus                          0x08004141   Thumb Code    64  stm32f4xx_rtc.o(i.RTC_GetITStatus)
    RTC_GetTime                              0x08004185   Thumb Code    72  stm32f4xx_rtc.o(i.RTC_GetTime)
    RTC_ITConfig                             0x080041d5   Thumb Code    94  stm32f4xx_rtc.o(i.RTC_ITConfig)
    RTC_Init                                 0x08004239   Thumb Code    94  stm32f4xx_rtc.o(i.RTC_Init)
    RTC_SetAlarm                             0x0800429d   Thumb Code   230  stm32f4xx_rtc.o(i.RTC_SetAlarm)
    RTC_SetDate                              0x08004389   Thumb Code   190  stm32f4xx_rtc.o(i.RTC_SetDate)
    RTC_SetTime                              0x08004451   Thumb Code   198  stm32f4xx_rtc.o(i.RTC_SetTime)
    RTC_SetWakeUpCounter                     0x08004521   Thumb Code    22  stm32f4xx_rtc.o(i.RTC_SetWakeUpCounter)
    RTC_WKUP_IRQHandler                      0x0800453d   Thumb Code    26  rtc.o(i.RTC_WKUP_IRQHandler)
    RTC_WaitForSynchro                       0x0800455d   Thumb Code    92  stm32f4xx_rtc.o(i.RTC_WaitForSynchro)
    RTC_WakeUpClockConfig                    0x080045bd   Thumb Code    42  stm32f4xx_rtc.o(i.RTC_WakeUpClockConfig)
    RTC_WakeUpCmd                            0x080045ed   Thumb Code   116  stm32f4xx_rtc.o(i.RTC_WakeUpCmd)
    RTC_WriteProtectionCmd                   0x08004665   Thumb Code    22  stm32f4xx_rtc.o(i.RTC_WriteProtectionCmd)
    ReadRawRC                                0x08004681   Thumb Code    54  rfid.o(i.ReadRawRC)
    Read_Data_FromW25q64                     0x080046bd   Thumb Code   186  total.o(i.Read_Data_FromW25q64)
    Read_Status                              0x080047e9   Thumb Code    46  w25q64.o(i.Read_Status)
    Read_W25q64ID                            0x0800481d   Thumb Code    72  w25q64.o(i.Read_W25q64ID)
    ReqCaptureAndExtract                     0x0800486d   Thumb Code   216  mg200.o(i.ReqCaptureAndExtract)
    Reset_RC522                              0x08004b09   Thumb Code    16  rfid.o(i.Reset_RC522)
    Rtc_Analys_DateAndTime                   0x08004b19   Thumb Code   220  rtc.o(i.Rtc_Analys_DateAndTime)
    Rtc_Analys_Weekday                       0x08004c01   Thumb Code   154  rtc.o(i.Rtc_Analys_Weekday)
    Rtc_Init                                 0x08004ca1   Thumb Code   136  rtc.o(i.Rtc_Init)
    Rtc_Read_timeAnddate                     0x08004d41   Thumb Code   134  rtc.o(i.Rtc_Read_timeAnddate)
    Rtc_Set_Date                             0x08004df1   Thumb Code    42  rtc.o(i.Rtc_Set_Date)
    Rtc_Set_Time                             0x08004e1b   Thumb Code    36  rtc.o(i.Rtc_Set_Time)
    Rtc_Wake_Up_Init                         0x08004e3f   Thumb Code   126  rtc.o(i.Rtc_Wake_Up_Init)
    SPI2_Sent_byte                           0x08004ebd   Thumb Code    86  lcd.o(i.SPI2_Sent_byte)
    SPI3_Sent_byte                           0x08004f19   Thumb Code   102  rfid.o(i.SPI3_Sent_byte)
    SPI_Cmd                                  0x08004f85   Thumb Code    24  stm32f4xx_spi.o(i.SPI_Cmd)
    SPI_I2S_GetFlagStatus                    0x08004f9d   Thumb Code    18  stm32f4xx_spi.o(i.SPI_I2S_GetFlagStatus)
    SPI_I2S_ReceiveData                      0x08004faf   Thumb Code     6  stm32f4xx_spi.o(i.SPI_I2S_ReceiveData)
    SPI_I2S_SendData                         0x08004fb5   Thumb Code     4  stm32f4xx_spi.o(i.SPI_I2S_SendData)
    SPI_Init                                 0x08004fb9   Thumb Code    60  stm32f4xx_spi.o(i.SPI_Init)
    Sector_Erase                             0x08004ff5   Thumb Code    74  w25q64.o(i.Sector_Erase)
    SetBitMask                               0x08005089   Thumb Code    28  rfid.o(i.SetBitMask)
    Spi2_Init                                0x0800518d   Thumb Code    70  lcd.o(i.Spi2_Init)
    Spi_ChangeData                           0x080051d9   Thumb Code    54  spi.o(i.Spi_ChangeData)
    SysTick_Handler                          0x08005395   Thumb Code    44  systick.o(i.SysTick_Handler)
    SystemInit                               0x080053cd   Thumb Code    88  system_stm32f4xx.o(i.SystemInit)
    TIM4_IRQHandler                          0x08005435   Thumb Code   126  led.o(i.TIM4_IRQHandler)
    TIM5_Init_DS_MS                          0x080054c1   Thumb Code    92  tim.o(i.TIM5_Init_DS_MS)
    TIM5_Init_DS_US                          0x08005521   Thumb Code    80  tim.o(i.TIM5_Init_DS_US)
    TIM_ClearFlag                            0x08005575   Thumb Code     6  stm32f4xx_tim.o(i.TIM_ClearFlag)
    TIM_Cmd                                  0x0800557b   Thumb Code    24  stm32f4xx_tim.o(i.TIM_Cmd)
    TIM_GetFlagStatus                        0x08005593   Thumb Code    18  stm32f4xx_tim.o(i.TIM_GetFlagStatus)
    TIM_OC1Init                              0x080055a5   Thumb Code   114  stm32f4xx_tim.o(i.TIM_OC1Init)
    TIM_OC2Init                              0x08005621   Thumb Code   154  stm32f4xx_tim.o(i.TIM_OC2Init)
    TIM_SetCompare3                          0x080056c5   Thumb Code     4  stm32f4xx_tim.o(i.TIM_SetCompare3)
    TIM_SetCompare4                          0x080056c9   Thumb Code     4  stm32f4xx_tim.o(i.TIM_SetCompare4)
    TIM_TimeBaseInit                         0x080056cd   Thumb Code   104  stm32f4xx_tim.o(i.TIM_TimeBaseInit)
    Tim3_Init                                0x08005751   Thumb Code   204  tim3.o(i.Tim3_Init)
    USART1_IRQHandler                        0x08005825   Thumb Code    48  usart.o(i.USART1_IRQHandler)
    USART2_IRQHandler                        0x08005861   Thumb Code   132  esp32.o(i.USART2_IRQHandler)
    USART6_IRQHandler                        0x080058f1   Thumb Code    78  mg200.o(i.USART6_IRQHandler)
    USART_Cmd                                0x08005949   Thumb Code    24  stm32f4xx_usart.o(i.USART_Cmd)
    USART_GetITStatus                        0x08005961   Thumb Code    84  stm32f4xx_usart.o(i.USART_GetITStatus)
    USART_ITConfig                           0x080059b5   Thumb Code    74  stm32f4xx_usart.o(i.USART_ITConfig)
    USART_Init                               0x08005a01   Thumb Code   204  stm32f4xx_usart.o(i.USART_Init)
    USART_ReceiveData                        0x08005ad5   Thumb Code    10  stm32f4xx_usart.o(i.USART_ReceiveData)
    Usart2_Init                              0x08005ae1   Thumb Code   312  esp32.o(i.Usart2_Init)
    Usart6_Init                              0x08005c29   Thumb Code   312  mg200.o(i.Usart6_Init)
    Usart_Init                               0x08005d71   Thumb Code   302  usart.o(i.Usart_Init)
    Voice_Init                               0x08005eb1   Thumb Code    86  voice.o(i.Voice_Init)
    Voice_Output                             0x08005f0d   Thumb Code   120  voice.o(i.Voice_Output)
    W25Q64_ReadData                          0x08005f89   Thumb Code    76  w25q64.o(i.W25Q64_ReadData)
    W25q64_Auto_Page_Wtite                   0x08005fd9   Thumb Code    70  w25q64.o(i.W25q64_Auto_Page_Wtite)
    W25q64_Init                              0x08006021   Thumb Code   174  spi.o(i.W25q64_Init)
    WriteRawRC                               0x080060d9   Thumb Code    46  rfid.o(i.WriteRawRC)
    Write_Data_ToW25q64                      0x0800610d   Thumb Code    94  total.o(i.Write_Data_ToW25q64)
    Write_Enable                             0x08006175   Thumb Code    26  w25q64.o(i.Write_Enable)
    __ARM_fpclassify                         0x08006195   Thumb Code    48  fpclassify.o(i.__ARM_fpclassify)
    _is_digit                                0x080061c5   Thumb Code    14  __printf_wp.o(i._is_digit)
    _sys_exit                                0x080061d3   Thumb Code     4  usart.o(i._sys_exit)
    ferror                                   0x080061d7   Thumb Code     8  usart.o(i.ferror)
    fputc                                    0x080061e1   Thumb Code    20  usart.o(i.fputc)
    judge_psw                                0x080061f9   Thumb Code   648  total.o(i.judge_psw)
    judge_rfid                               0x080064c9   Thumb Code   158  total.o(i.judge_rfid)
    main                                     0x08006591   Thumb Code   710  main.o(i.main)
    print_info                               0x08006ab1   Thumb Code    44  rfid.o(i.print_info)
    st7789vm_SetPosition                     0x08006af1   Thumb Code    58  lcd.o(i.st7789vm_SetPosition)
    st7789vm_clear_display                   0x08006b2b   Thumb Code    50  lcd.o(i.st7789vm_clear_display)
    st7789vm_init                            0x08006b5d   Thumb Code   426  lcd.o(i.st7789vm_init)
    st7789vm_write_command                   0x08006d0d   Thumb Code    42  lcd.o(i.st7789vm_write_command)
    st7789vm_write_command_parameter         0x08006d3d   Thumb Code    42  lcd.o(i.st7789vm_write_command_parameter)
    st7789vm_write_data                      0x08006d6d   Thumb Code    48  lcd.o(i.st7789vm_write_data)
    _get_lc_numeric                          0x08006da1   Thumb Code    44  lc_numeric_c.o(locale$$code)
    __aeabi_d2f                              0x08006dcd   Thumb Code     0  d2f.o(x$fpl$d2f)
    _d2f                                     0x08006dcd   Thumb Code    98  d2f.o(x$fpl$d2f)
    __aeabi_dadd                             0x08006e31   Thumb Code     0  daddsub_clz.o(x$fpl$dadd)
    _dadd                                    0x08006e31   Thumb Code   332  daddsub_clz.o(x$fpl$dadd)
    __aeabi_ddiv                             0x08006f81   Thumb Code     0  ddiv.o(x$fpl$ddiv)
    _ddiv                                    0x08006f81   Thumb Code   552  ddiv.o(x$fpl$ddiv)
    __aeabi_i2d                              0x08007231   Thumb Code     0  dflt_clz.o(x$fpl$dflt)
    _dflt                                    0x08007231   Thumb Code    46  dflt_clz.o(x$fpl$dflt)
    __aeabi_dmul                             0x08007261   Thumb Code     0  dmul.o(x$fpl$dmul)
    _dmul                                    0x08007261   Thumb Code   332  dmul.o(x$fpl$dmul)
    __fpl_dnaninf                            0x080073b5   Thumb Code   156  dnaninf.o(x$fpl$dnaninf)
    __fpl_dretinf                            0x08007451   Thumb Code    12  dretinf.o(x$fpl$dretinf)
    __aeabi_dsub                             0x0800745d   Thumb Code     0  daddsub_clz.o(x$fpl$dsub)
    _dsub                                    0x0800745d   Thumb Code   464  daddsub_clz.o(x$fpl$dsub)
    __aeabi_f2d                              0x08007631   Thumb Code     0  f2d.o(x$fpl$f2d)
    _f2d                                     0x08007631   Thumb Code    86  f2d.o(x$fpl$f2d)
    __fpl_fnaninf                            0x08007687   Thumb Code   140  fnaninf.o(x$fpl$fnaninf)
    _fp_init                                 0x08007713   Thumb Code    10  fpinit.o(x$fpl$fpinit)
    __fplib_config_fpu_vfp                   0x0800771b   Thumb Code     0  fpinit.o(x$fpl$fpinit)
    __fplib_config_pureend_doubles           0x0800771b   Thumb Code     0  fpinit.o(x$fpl$fpinit)
    __fpl_fretinf                            0x0800771d   Thumb Code    10  fretinf.o(x$fpl$fretinf)
    _printf_fp_dec                           0x08007727   Thumb Code     4  printf1.o(x$fpl$printf1)
    __I$use$fp                               0x0800772a   Number         0  usenofp.o(x$fpl$usenofp)
    parket_connetAck                         0x08007800   Data           4  mqtt.o(.constdata)
    parket_disconnet                         0x08007804   Data           2  mqtt.o(.constdata)
    parket_subAck                            0x08007806   Data           2  mqtt.o(.constdata)
    parket_heart                             0x08007808   Data           2  mqtt.o(.constdata)
    parket_heart_reply                       0x0800780a   Data           2  mqtt.o(.constdata)
    Region$$Table$$Base                      0x08007990   Number         0  anon$$obj.o(Region$$Table)
    Region$$Table$$Limit                     0x080079b0   Number         0  anon$$obj.o(Region$$Table)
    __stdout                                 0x20000004   Data           4  usart.o(.data)
    time                                     0x20000018   Data           4  rtc.o(.data)
    date                                     0x2000001c   Data           4  rtc.o(.data)
    month                                    0x20000020   Data          60  rtc.o(.data)
    month_day                                0x2000005c   Data          13  rtc.o(.data)
    mytctime                                 0x20000069   Data           7  rtc.o(.data)
    rtc_flag                                 0x20000070   Data           1  rtc.o(.data)
    adc_tempture                             0x20000074   Data           4  adc.o(.data)
    key_task                                 0x20000078   Data           2  systick.o(.data)
    rfid_task                                0x2000007a   Data           2  systick.o(.data)
    mg200_task                               0x2000007c   Data           2  systick.o(.data)
    _mqtt                                    0x20000080   Data          44  mqtt.o(.data)
    Rdata                                    0x200000c0   Data        8204  usart.o(.bss)
    LOCK_TH                                  0x200020cc   Data          42  total.o(.bss)
    adc_buf                                  0x200020f6   Data          20  adc.o(.bss)
    MG200_REC                                0x2000210a   Data          12  mg200.o(.bss)
    ESP32_REC                                0x20002116   Data        1028  esp32.o(.bss)
    txbuf                                    0x2000251a   Data         256  mqtt.o(.bss)
    rxbuf                                    0x2000261a   Data         256  mqtt.o(.bss)
    __libspace_start                         0x2000271c   Data          96  libspace.o(.bss)
    __temporary_stack_top$libspace           0x2000277c   Data           0  libspace.o(.bss)



==============================================================================

Memory Map of the image

  Image Entry point : 0x08000189

  Load Region LR_IROM1 (Base: 0x08000000, Size: 0x00007a8c, Max: 0x00080000, ABSOLUTE)

    Execution Region ER_IROM1 (Base: 0x08000000, Size: 0x000079cc, Max: 0x00080000, ABSOLUTE)

    Base Addr    Size         Type   Attr      Idx    E Section Name        Object

    0x08000000   0x00000188   Data   RO          126    RESET               startup_stm32f40_41xxx.o
    0x08000188   0x00000008   Code   RO         6484  * !!!main             c_w.l(__main.o)
    0x08000190   0x00000034   Code   RO         6723    !!!scatter          c_w.l(__scatter.o)
    0x080001c4   0x0000001a   Code   RO         6725    !!handler_copy      c_w.l(__scatter_copy.o)
    0x080001de   0x00000002   PAD
    0x080001e0   0x0000001c   Code   RO         6727    !!handler_zi        c_w.l(__scatter_zi.o)
    0x080001fc   0x00000000   Code   RO         6465    .ARM.Collect$$_printf_percent$$00000000  c_w.l(_printf_percent.o)
    0x080001fc   0x00000006   Code   RO         6464    .ARM.Collect$$_printf_percent$$00000003  c_w.l(_printf_f.o)
    0x08000202   0x00000006   Code   RO         6463    .ARM.Collect$$_printf_percent$$00000009  c_w.l(_printf_d.o)
    0x08000208   0x00000006   Code   RO         6462    .ARM.Collect$$_printf_percent$$0000000C  c_w.l(_printf_x.o)
    0x0800020e   0x00000006   Code   RO         6460    .ARM.Collect$$_printf_percent$$00000013  c_w.l(_printf_c.o)
    0x08000214   0x00000006   Code   RO         6461    .ARM.Collect$$_printf_percent$$00000014  c_w.l(_printf_s.o)
    0x0800021a   0x00000004   Code   RO         6523    .ARM.Collect$$_printf_percent$$00000017  c_w.l(_printf_percent_end.o)
    0x0800021e   0x00000002   Code   RO         6603    .ARM.Collect$$libinit$$00000000  c_w.l(libinit.o)
    0x08000220   0x00000004   Code   RO         6604    .ARM.Collect$$libinit$$00000001  c_w.l(libinit2.o)
    0x08000224   0x00000000   Code   RO         6607    .ARM.Collect$$libinit$$00000004  c_w.l(libinit2.o)
    0x08000224   0x00000000   Code   RO         6610    .ARM.Collect$$libinit$$0000000A  c_w.l(libinit2.o)
    0x08000224   0x00000000   Code   RO         6612    .ARM.Collect$$libinit$$0000000C  c_w.l(libinit2.o)
    0x08000224   0x00000000   Code   RO         6614    .ARM.Collect$$libinit$$0000000E  c_w.l(libinit2.o)
    0x08000224   0x00000006   Code   RO         6615    .ARM.Collect$$libinit$$0000000F  c_w.l(libinit2.o)
    0x0800022a   0x00000000   Code   RO         6617    .ARM.Collect$$libinit$$00000011  c_w.l(libinit2.o)
    0x0800022a   0x00000000   Code   RO         6619    .ARM.Collect$$libinit$$00000013  c_w.l(libinit2.o)
    0x0800022a   0x00000000   Code   RO         6621    .ARM.Collect$$libinit$$00000015  c_w.l(libinit2.o)
    0x0800022a   0x0000000a   Code   RO         6622    .ARM.Collect$$libinit$$00000016  c_w.l(libinit2.o)
    0x08000234   0x00000000   Code   RO         6623    .ARM.Collect$$libinit$$00000017  c_w.l(libinit2.o)
    0x08000234   0x00000000   Code   RO         6625    .ARM.Collect$$libinit$$00000019  c_w.l(libinit2.o)
    0x08000234   0x00000000   Code   RO         6627    .ARM.Collect$$libinit$$0000001B  c_w.l(libinit2.o)
    0x08000234   0x00000000   Code   RO         6629    .ARM.Collect$$libinit$$0000001D  c_w.l(libinit2.o)
    0x08000234   0x00000000   Code   RO         6631    .ARM.Collect$$libinit$$0000001F  c_w.l(libinit2.o)
    0x08000234   0x00000000   Code   RO         6633    .ARM.Collect$$libinit$$00000021  c_w.l(libinit2.o)
    0x08000234   0x00000000   Code   RO         6635    .ARM.Collect$$libinit$$00000023  c_w.l(libinit2.o)
    0x08000234   0x00000000   Code   RO         6637    .ARM.Collect$$libinit$$00000025  c_w.l(libinit2.o)
    0x08000234   0x00000000   Code   RO         6641    .ARM.Collect$$libinit$$0000002C  c_w.l(libinit2.o)
    0x08000234   0x00000000   Code   RO         6643    .ARM.Collect$$libinit$$0000002E  c_w.l(libinit2.o)
    0x08000234   0x00000000   Code   RO         6645    .ARM.Collect$$libinit$$00000030  c_w.l(libinit2.o)
    0x08000234   0x00000000   Code   RO         6647    .ARM.Collect$$libinit$$00000032  c_w.l(libinit2.o)
    0x08000234   0x00000002   Code   RO         6648    .ARM.Collect$$libinit$$00000033  c_w.l(libinit2.o)
    0x08000236   0x00000002   Code   RO         6676    .ARM.Collect$$libshutdown$$00000000  c_w.l(libshutdown.o)
    0x08000238   0x00000000   Code   RO         6686    .ARM.Collect$$libshutdown$$00000003  c_w.l(libshutdown2.o)
    0x08000238   0x00000000   Code   RO         6689    .ARM.Collect$$libshutdown$$00000006  c_w.l(libshutdown2.o)
    0x08000238   0x00000000   Code   RO         6692    .ARM.Collect$$libshutdown$$00000009  c_w.l(libshutdown2.o)
    0x08000238   0x00000000   Code   RO         6694    .ARM.Collect$$libshutdown$$0000000B  c_w.l(libshutdown2.o)
    0x08000238   0x00000000   Code   RO         6697    .ARM.Collect$$libshutdown$$0000000E  c_w.l(libshutdown2.o)
    0x08000238   0x00000002   Code   RO         6698    .ARM.Collect$$libshutdown$$0000000F  c_w.l(libshutdown2.o)
    0x0800023a   0x00000000   Code   RO         6510    .ARM.Collect$$rtentry$$00000000  c_w.l(__rtentry.o)
    0x0800023a   0x00000000   Code   RO         6534    .ARM.Collect$$rtentry$$00000002  c_w.l(__rtentry2.o)
    0x0800023a   0x00000006   Code   RO         6546    .ARM.Collect$$rtentry$$00000004  c_w.l(__rtentry4.o)
    0x08000240   0x00000000   Code   RO         6536    .ARM.Collect$$rtentry$$00000009  c_w.l(__rtentry2.o)
    0x08000240   0x00000004   Code   RO         6537    .ARM.Collect$$rtentry$$0000000A  c_w.l(__rtentry2.o)
    0x08000244   0x00000000   Code   RO         6539    .ARM.Collect$$rtentry$$0000000C  c_w.l(__rtentry2.o)
    0x08000244   0x00000008   Code   RO         6540    .ARM.Collect$$rtentry$$0000000D  c_w.l(__rtentry2.o)
    0x0800024c   0x00000002   Code   RO         6649    .ARM.Collect$$rtexit$$00000000  c_w.l(rtexit.o)
    0x0800024e   0x00000000   Code   RO         6656    .ARM.Collect$$rtexit$$00000002  c_w.l(rtexit2.o)
    0x0800024e   0x00000004   Code   RO         6657    .ARM.Collect$$rtexit$$00000003  c_w.l(rtexit2.o)
    0x08000252   0x00000006   Code   RO         6658    .ARM.Collect$$rtexit$$00000004  c_w.l(rtexit2.o)
    0x08000258   0x00000040   Code   RO          127    .text               startup_stm32f40_41xxx.o
    0x08000298   0x00000002   Code   RO         6401    .text               c_w.l(use_no_semi.o)
    0x0800029a   0x00000002   PAD
    0x0800029c   0x00000018   Code   RO         6407    .text               c_w.l(noretval__2printf.o)
    0x080002b4   0x00000028   Code   RO         6409    .text               c_w.l(noretval__2sprintf.o)
    0x080002dc   0x0000004e   Code   RO         6413    .text               c_w.l(_printf_pad.o)
    0x0800032a   0x00000052   Code   RO         6415    .text               c_w.l(_printf_str.o)
    0x0800037c   0x00000078   Code   RO         6417    .text               c_w.l(_printf_dec.o)
    0x080003f4   0x00000058   Code   RO         6422    .text               c_w.l(_printf_hex_int.o)
    0x0800044c   0x00000138   Code   RO         6452    .text               c_w.l(__printf_flags_wp.o)
    0x08000584   0x00000024   Code   RO         6466    .text               c_w.l(strstr.o)
    0x080005a8   0x00000048   Code   RO         6468    .text               c_w.l(strcpy.o)
    0x080005f0   0x0000003e   Code   RO         6470    .text               c_w.l(strlen.o)
    0x0800062e   0x00000018   Code   RO         6472    .text               c_w.l(strcat.o)
    0x08000646   0x0000008a   Code   RO         6474    .text               c_w.l(rt_memcpy_v6.o)
    0x080006d0   0x00000064   Code   RO         6476    .text               c_w.l(rt_memcpy_w.o)
    0x08000734   0x0000004e   Code   RO         6478    .text               c_w.l(rt_memclr_w.o)
    0x08000782   0x00000002   PAD
    0x08000784   0x00000080   Code   RO         6480    .text               c_w.l(strcmpv7m.o)
    0x08000804   0x00000006   Code   RO         6482    .text               c_w.l(heapauxi.o)
    0x0800080a   0x000000b2   Code   RO         6511    .text               c_w.l(_printf_intcommon.o)
    0x080008bc   0x0000041a   Code   RO         6513    .text               c_w.l(_printf_fp_dec.o)
    0x08000cd6   0x00000002   PAD
    0x08000cd8   0x00000030   Code   RO         6515    .text               c_w.l(_printf_char_common.o)
    0x08000d08   0x0000000a   Code   RO         6517    .text               c_w.l(_sputc.o)
    0x08000d12   0x0000002c   Code   RO         6519    .text               c_w.l(_printf_char.o)
    0x08000d3e   0x00000002   PAD
    0x08000d40   0x00000024   Code   RO         6521    .text               c_w.l(_printf_char_file.o)
    0x08000d64   0x00000008   Code   RO         6551    .text               c_w.l(rt_locale_intlibspace.o)
    0x08000d6c   0x0000008a   Code   RO         6553    .text               c_w.l(lludiv10.o)
    0x08000df6   0x00000002   PAD
    0x08000df8   0x00000080   Code   RO         6555    .text               c_w.l(_printf_fp_infnan.o)
    0x08000e78   0x000000dc   Code   RO         6559    .text               c_w.l(bigflt0.o)
    0x08000f54   0x00000008   Code   RO         6591    .text               c_w.l(libspace.o)
    0x08000f5c   0x0000004a   Code   RO         6594    .text               c_w.l(sys_stackheap_outer.o)
    0x08000fa6   0x0000000c   Code   RO         6596    .text               c_w.l(exit.o)
    0x08000fb2   0x0000003e   Code   RO         6562    CL$$btod_d2e        c_w.l(btod.o)
    0x08000ff0   0x00000046   Code   RO         6564    CL$$btod_d2e_denorm_low  c_w.l(btod.o)
    0x08001036   0x00000060   Code   RO         6563    CL$$btod_d2e_norm_op1  c_w.l(btod.o)
    0x08001096   0x00000338   Code   RO         6572    CL$$btod_div_common  c_w.l(btod.o)
    0x080013ce   0x000000c6   Code   RO         6569    CL$$btod_e2e        c_w.l(btod.o)
    0x08001494   0x00000028   Code   RO         6566    CL$$btod_ediv       c_w.l(btod.o)
    0x080014bc   0x00000028   Code   RO         6565    CL$$btod_emul       c_w.l(btod.o)
    0x080014e4   0x00000244   Code   RO         6571    CL$$btod_mult_common  c_w.l(btod.o)
    0x08001728   0x00000090   Code   RO         1253    i.ADC1_Init         adc.o
    0x080017b8   0x00000016   Code   RO         1634    i.ADC_Cmd           stm32f4xx_adc.o
    0x080017ce   0x0000000c   Code   RO         1636    i.ADC_CommonStructInit  stm32f4xx_adc.o
    0x080017da   0x00000016   Code   RO         1638    i.ADC_DMACmd        stm32f4xx_adc.o
    0x080017f0   0x00000016   Code   RO         1639    i.ADC_DMARequestAfterLastTransferCmd  stm32f4xx_adc.o
    0x08001806   0x00000002   PAD
    0x08001808   0x00000054   Code   RO         1654    i.ADC_Init          stm32f4xx_adc.o
    0x0800185c   0x000000b8   Code   RO         1659    i.ADC_RegularChannelConfig  stm32f4xx_adc.o
    0x08001914   0x0000000a   Code   RO         1661    i.ADC_SoftwareStartConv  stm32f4xx_adc.o
    0x0800191e   0x00000002   PAD
    0x08001920   0x0000002c   Code   RO         1664    i.ADC_TempSensorVrefintCmd  stm32f4xx_adc.o
    0x0800194c   0x00000008   Code   RO          724    i.AT24C04_Init      at24c04.o
    0x08001954   0x00000428   Code   RO          890    i.Administrator_menu  total.o
    0x08001d7c   0x00000064   Code   RO          824    i.BS8116_I2C_Pin_Init  bs8116.o
    0x08001de0   0x00000060   Code   RO          825    i.BS8116_I2C_Recieve_Byte  bs8116.o
    0x08001e40   0x00000040   Code   RO          826    i.BS8116_I2C_Recivce_Ask  bs8116.o
    0x08001e80   0x0000003c   Code   RO          827    i.BS8116_I2C_Sent_Ask  bs8116.o
    0x08001ebc   0x0000005c   Code   RO          828    i.BS8116_I2C_Sent_Byte  bs8116.o
    0x08001f18   0x00000044   Code   RO          829    i.BS8116_I2C_Start  bs8116.o
    0x08001f5c   0x00000030   Code   RO          830    i.BS8116_I2C_Stop   bs8116.o
    0x08001f8c   0x00000006   Code   RO         1502    i.BYTE0             mqtt.o
    0x08001f92   0x00000008   Code   RO         1503    i.BYTE1             mqtt.o
    0x08001f9a   0x00000002   PAD
    0x08001f9c   0x00000124   Code   RO          831    i.Bs8116_ReadKey    bs8116.o
    0x080020c0   0x0000006c   Code   RO          452    i.CalulateCRC       rfid.o
    0x0800212c   0x000002fc   Code   RO          891    i.Change_Adm_Password  total.o
    0x08002428   0x0000016c   Code   RO          892    i.Change_Password   total.o
    0x08002594   0x0000001c   Code   RO          453    i.ClearBitMask      rfid.o
    0x080025b0   0x00000290   Code   RO         1504    i.Connect           mqtt.o
    0x08002840   0x0000010c   Code   RO         1254    i.DMA2_Stream0_IRQHandler  adc.o
    0x0800294c   0x00000024   Code   RO         1107    i.DMA2_Stream5_IRQHandler  dma.o
    0x08002970   0x00000118   Code   RO         1255    i.DMA_ADC_Transfer_Init  adc.o
    0x08002a88   0x00000034   Code   RO         2665    i.DMA_ClearFlag     stm32f4xx_dma.o
    0x08002abc   0x00000034   Code   RO         2666    i.DMA_ClearITPendingBit  stm32f4xx_dma.o
    0x08002af0   0x00000016   Code   RO         2667    i.DMA_Cmd           stm32f4xx_dma.o
    0x08002b06   0x00000008   Code   RO         2673    i.DMA_GetCurrDataCounter  stm32f4xx_dma.o
    0x08002b0e   0x0000003a   Code   RO         2678    i.DMA_ITConfig      stm32f4xx_dma.o
    0x08002b48   0x00000058   Code   RO         2679    i.DMA_Init          stm32f4xx_dma.o
    0x08002ba0   0x00000018   Code   RO         1505    i.Disconnect        mqtt.o
    0x08002bb8   0x00000108   Code   RO          987    i.Display_Chi       lcd.o
    0x08002cc0   0x000000fc   Code   RO          988    i.Display_Eng       lcd.o
    0x08002dbc   0x0000001c   Code   RO          989    i.Display_OnePoint  lcd.o
    0x08002dd8   0x0000007c   Code   RO          991    i.Display_String    lcd.o
    0x08002e54   0x0000006c   Code   RO         1383    i.ESP32_Restore     esp32.o
    0x08002ec0   0x0000003c   Code   RO         1384    i.ESP32_SendAndReceive  esp32.o
    0x08002efc   0x00000104   Code   RO         1385    i.ESP32_TCP_Init    esp32.o
    0x08003000   0x00000088   Code   RO         1386    i.ESP32_Wifi_connect  esp32.o
    0x08003088   0x0000000c   Code   RO         2954    i.EXTI_ClearITPendingBit  stm32f4xx_exti.o
    0x08003094   0x00000094   Code   RO         2959    i.EXTI_Init         stm32f4xx_exti.o
    0x08003128   0x00000030   Code   RO         1387    i.Esp32_SendByte    esp32.o
    0x08003158   0x00000094   Code   RO         1388    i.Esp32_Severconnect  esp32.o
    0x080031ec   0x00000018   Code   RO         1389    i.Exit_CipMode      esp32.o
    0x08003204   0x00000090   Code   RO         3332    i.GPIO_Init         stm32f4xx_gpio.o
    0x08003294   0x00000046   Code   RO         3333    i.GPIO_PinAFConfig  stm32f4xx_gpio.o
    0x080032da   0x00000012   Code   RO         3336    i.GPIO_ReadInputDataBit  stm32f4xx_gpio.o
    0x080032ec   0x00000004   Code   RO         3339    i.GPIO_ResetBits    stm32f4xx_gpio.o
    0x080032f0   0x00000004   Code   RO         3340    i.GPIO_SetBits      stm32f4xx_gpio.o
    0x080032f4   0x0000007c   Code   RO         1296    i.GetUserNum        mg200.o
    0x08003370   0x00000050   Code   RO          662    i.I2C_Pin_Init      i2c.o
    0x080033c0   0x00000014   Code   RO         1506    i.Init              mqtt.o
    0x080033d4   0x00000032   Code   RO         1143    i.Judge_RunYear     rtc.o
    0x08003406   0x00000002   PAD
    0x08003408   0x00000034   Code   RO          290    i.Key_Init          key.o
    0x0800343c   0x0000005c   Code   RO          454    i.M500PcdConfigISOType  rfid.o
    0x08003498   0x0000000c   Code   RO         1297    i.MG200_Init        mg200.o
    0x080034a4   0x00000054   Code   RO         1298    i.MG200_Pin_Init    mg200.o
    0x080034f8   0x00000080   Code   RO         1299    i.MG200_Receive     mg200.o
    0x08003578   0x00000024   Code   RO         1300    i.MG200_SendByte    mg200.o
    0x0800359c   0x0000003e   Code   RO         1301    i.MG200_SendCmd     mg200.o
    0x080035da   0x00000002   PAD
    0x080035dc   0x000000a0   Code   RO         1302    i.Matchln           mg200.o
    0x0800367c   0x00000016   Code   RO         1144    i.NVIC_EnableIRQ    rtc.o
    0x08003692   0x00000040   Code   RO         1145    i.NVIC_EncodePriority  rtc.o
    0x080036d2   0x00000002   PAD
    0x080036d4   0x00000028   Code   RO         1146    i.NVIC_SetPriority  rtc.o
    0x080036fc   0x00000020   Code   RO          386    i.PWM_Close_door    tim3.o
    0x0800371c   0x0000001e   Code   RO          387    i.PWM_Open_door     tim3.o
    0x0800373a   0x00000002   PAD
    0x0800373c   0x0000000c   Code   RO         4126    i.PWR_BackupAccessCmd  stm32f4xx_pwr.o
    0x08003748   0x00000068   Code   RO          580    i.Page_Program      w25q64.o
    0x080037b0   0x0000000c   Code   RO          455    i.PcdAntennaOff     rfid.o
    0x080037bc   0x0000001a   Code   RO          456    i.PcdAntennaOn      rfid.o
    0x080037d6   0x00000070   Code   RO          457    i.PcdAnticoll       rfid.o
    0x08003846   0x0000013e   Code   RO          458    i.PcdComMF522       rfid.o
    0x08003984   0x00000056   Code   RO          459    i.PcdRequest        rfid.o
    0x080039da   0x00000002   PAD
    0x080039dc   0x0000007c   Code   RO          460    i.PcdReset          rfid.o
    0x08003a58   0x00000074   Code   RO          461    i.PcdSelect         rfid.o
    0x08003acc   0x0000013c   Code   RO         1507    i.PublishData       mqtt.o
    0x08003c08   0x00000020   Code   RO         4273    i.RCC_AHB1PeriphClockCmd  stm32f4xx_rcc.o
    0x08003c28   0x00000020   Code   RO         4279    i.RCC_APB1PeriphClockCmd  stm32f4xx_rcc.o
    0x08003c48   0x00000020   Code   RO         4282    i.RCC_APB2PeriphClockCmd  stm32f4xx_rcc.o
    0x08003c68   0x000000e8   Code   RO         4291    i.RCC_GetClocksFreq  stm32f4xx_rcc.o
    0x08003d50   0x0000002c   Code   RO         4300    i.RCC_LSEConfig     stm32f4xx_rcc.o
    0x08003d7c   0x0000000c   Code   RO         4314    i.RCC_RTCCLKCmd     stm32f4xx_rcc.o
    0x08003d88   0x0000003c   Code   RO         4315    i.RCC_RTCCLKConfig  stm32f4xx_rcc.o
    0x08003dc4   0x00000012   Code   RO          462    i.RFID_Init         rfid.o
    0x08003dd6   0x00000002   PAD
    0x08003dd8   0x00000078   Code   RO          463    i.RFID_SPI_GPIO_Init  rfid.o
    0x08003e50   0x00000074   Code   RO         4602    i.RTC_AlarmCmd      stm32f4xx_rtc.o
    0x08003ec4   0x0000011e   Code   RO         1147    i.RTC_Alarm_A_Init  rtc.o
    0x08003fe2   0x00000002   PAD
    0x08003fe4   0x00000030   Code   RO         1148    i.RTC_Alarm_IRQHandler  rtc.o
    0x08004014   0x00000016   Code   RO         4605    i.RTC_Bcd2ToByte    stm32f4xx_rtc.o
    0x0800402a   0x0000001c   Code   RO         4607    i.RTC_ByteToBcd2    stm32f4xx_rtc.o
    0x08004046   0x00000002   PAD
    0x08004048   0x00000020   Code   RO         4611    i.RTC_ClearITPendingBit  stm32f4xx_rtc.o
    0x08004068   0x00000050   Code   RO         4617    i.RTC_EnterInitMode  stm32f4xx_rtc.o
    0x080040b8   0x00000014   Code   RO         4618    i.RTC_ExitInitMode  stm32f4xx_rtc.o
    0x080040cc   0x0000004c   Code   RO         4621    i.RTC_GetDate       stm32f4xx_rtc.o
    0x08004118   0x00000028   Code   RO         4622    i.RTC_GetFlagStatus  stm32f4xx_rtc.o
    0x08004140   0x00000044   Code   RO         4623    i.RTC_GetITStatus   stm32f4xx_rtc.o
    0x08004184   0x00000050   Code   RO         4626    i.RTC_GetTime       stm32f4xx_rtc.o
    0x080041d4   0x00000064   Code   RO         4630    i.RTC_ITConfig      stm32f4xx_rtc.o
    0x08004238   0x00000064   Code   RO         4631    i.RTC_Init          stm32f4xx_rtc.o
    0x0800429c   0x000000ec   Code   RO         4636    i.RTC_SetAlarm      stm32f4xx_rtc.o
    0x08004388   0x000000c8   Code   RO         4637    i.RTC_SetDate       stm32f4xx_rtc.o
    0x08004450   0x000000d0   Code   RO         4638    i.RTC_SetTime       stm32f4xx_rtc.o
    0x08004520   0x0000001c   Code   RO         4639    i.RTC_SetWakeUpCounter  stm32f4xx_rtc.o
    0x0800453c   0x00000020   Code   RO         1149    i.RTC_WKUP_IRQHandler  rtc.o
    0x0800455c   0x00000060   Code   RO         4654    i.RTC_WaitForSynchro  stm32f4xx_rtc.o
    0x080045bc   0x00000030   Code   RO         4655    i.RTC_WakeUpClockConfig  stm32f4xx_rtc.o
    0x080045ec   0x00000078   Code   RO         4656    i.RTC_WakeUpCmd     stm32f4xx_rtc.o
    0x08004664   0x0000001c   Code   RO         4658    i.RTC_WriteProtectionCmd  stm32f4xx_rtc.o
    0x08004680   0x0000003c   Code   RO          464    i.ReadRawRC         rfid.o
    0x080046bc   0x0000012c   Code   RO          896    i.Read_Data_FromW25q64  total.o
    0x080047e8   0x00000034   Code   RO          581    i.Read_Status       w25q64.o
    0x0800481c   0x00000050   Code   RO          582    i.Read_W25q64ID     w25q64.o
    0x0800486c   0x0000029c   Code   RO         1304    i.ReqCaptureAndExtract  mg200.o
    0x08004b08   0x00000010   Code   RO          465    i.Reset_RC522       rfid.o
    0x08004b18   0x000000e8   Code   RO         1150    i.Rtc_Analys_DateAndTime  rtc.o
    0x08004c00   0x000000a0   Code   RO         1151    i.Rtc_Analys_Weekday  rtc.o
    0x08004ca0   0x000000a0   Code   RO         1152    i.Rtc_Init          rtc.o
    0x08004d40   0x000000b0   Code   RO         1153    i.Rtc_Read_timeAnddate  rtc.o
    0x08004df0   0x0000002a   Code   RO         1154    i.Rtc_Set_Date      rtc.o
    0x08004e1a   0x00000024   Code   RO         1155    i.Rtc_Set_Time      rtc.o
    0x08004e3e   0x0000007e   Code   RO         1156    i.Rtc_Wake_Up_Init  rtc.o
    0x08004ebc   0x0000005c   Code   RO          992    i.SPI2_Sent_byte    lcd.o
    0x08004f18   0x0000006c   Code   RO          466    i.SPI3_Sent_byte    rfid.o
    0x08004f84   0x00000018   Code   RO         5356    i.SPI_Cmd           stm32f4xx_spi.o
    0x08004f9c   0x00000012   Code   RO         5364    i.SPI_I2S_GetFlagStatus  stm32f4xx_spi.o
    0x08004fae   0x00000006   Code   RO         5367    i.SPI_I2S_ReceiveData  stm32f4xx_spi.o
    0x08004fb4   0x00000004   Code   RO         5368    i.SPI_I2S_SendData  stm32f4xx_spi.o
    0x08004fb8   0x0000003c   Code   RO         5369    i.SPI_Init          stm32f4xx_spi.o
    0x08004ff4   0x00000050   Code   RO          583    i.Sector_Erase      w25q64.o
    0x08005044   0x0000002c   Code   RO         1508    i.SendData          mqtt.o
    0x08005070   0x00000018   Code   RO         1509    i.SentHeart         mqtt.o
    0x08005088   0x0000001c   Code   RO          467    i.SetBitMask        rfid.o
    0x080050a4   0x000000e8   Code   RO            4    i.SetSysClock       system_stm32f4xx.o
    0x0800518c   0x0000004c   Code   RO          993    i.Spi2_Init         lcd.o
    0x080051d8   0x0000003c   Code   RO          794    i.Spi_ChangeData    spi.o
    0x08005214   0x00000180   Code   RO         1510    i.SubscribeTopic    mqtt.o
    0x08005394   0x00000038   Code   RO         1462    i.SysTick_Handler   systick.o
    0x080053cc   0x00000068   Code   RO            6    i.SystemInit        system_stm32f4xx.o
    0x08005434   0x0000008c   Code   RO          250    i.TIM4_IRQHandler   led.o
    0x080054c0   0x00000060   Code   RO          422    i.TIM5_Init_DS_MS   tim.o
    0x08005520   0x00000054   Code   RO          423    i.TIM5_Init_DS_US   tim.o
    0x08005574   0x00000006   Code   RO         5588    i.TIM_ClearFlag     stm32f4xx_tim.o
    0x0800557a   0x00000018   Code   RO         5594    i.TIM_Cmd           stm32f4xx_tim.o
    0x08005592   0x00000012   Code   RO         5614    i.TIM_GetFlagStatus  stm32f4xx_tim.o
    0x080055a4   0x0000007c   Code   RO         5623    i.TIM_OC1Init       stm32f4xx_tim.o
    0x08005620   0x000000a4   Code   RO         5628    i.TIM_OC2Init       stm32f4xx_tim.o
    0x080056c4   0x00000004   Code   RO         5658    i.TIM_SetCompare3   stm32f4xx_tim.o
    0x080056c8   0x00000004   Code   RO         5659    i.TIM_SetCompare4   stm32f4xx_tim.o
    0x080056cc   0x00000084   Code   RO         5666    i.TIM_TimeBaseInit  stm32f4xx_tim.o
    0x08005750   0x000000d4   Code   RO          388    i.Tim3_Init         tim3.o
    0x08005824   0x0000003c   Code   RO          321    i.USART1_IRQHandler  usart.o
    0x08005860   0x00000090   Code   RO         1390    i.USART2_IRQHandler  esp32.o
    0x080058f0   0x00000058   Code   RO         1305    i.USART6_IRQHandler  mg200.o
    0x08005948   0x00000018   Code   RO         6148    i.USART_Cmd         stm32f4xx_usart.o
    0x08005960   0x00000054   Code   RO         6152    i.USART_GetITStatus  stm32f4xx_usart.o
    0x080059b4   0x0000004a   Code   RO         6154    i.USART_ITConfig    stm32f4xx_usart.o
    0x080059fe   0x00000002   PAD
    0x08005a00   0x000000d4   Code   RO         6155    i.USART_Init        stm32f4xx_usart.o
    0x08005ad4   0x0000000a   Code   RO         6162    i.USART_ReceiveData  stm32f4xx_usart.o
    0x08005ade   0x00000002   PAD
    0x08005ae0   0x00000148   Code   RO         1391    i.Usart2_Init       esp32.o
    0x08005c28   0x00000148   Code   RO         1306    i.Usart6_Init       mg200.o
    0x08005d70   0x00000140   Code   RO          322    i.Usart_Init        usart.o
    0x08005eb0   0x0000005c   Code   RO          764    i.Voice_Init        voice.o
    0x08005f0c   0x0000007c   Code   RO          765    i.Voice_Output      voice.o
    0x08005f88   0x00000050   Code   RO          584    i.W25Q64_ReadData   w25q64.o
    0x08005fd8   0x00000046   Code   RO          585    i.W25q64_Auto_Page_Wtite  w25q64.o
    0x0800601e   0x00000002   PAD
    0x08006020   0x000000b8   Code   RO          795    i.W25q64_Init       spi.o
    0x080060d8   0x00000034   Code   RO          468    i.WriteRawRC        rfid.o
    0x0800610c   0x00000068   Code   RO          898    i.Write_Data_ToW25q64  total.o
    0x08006174   0x00000020   Code   RO          587    i.Write_Enable      w25q64.o
    0x08006194   0x00000030   Code   RO         6589    i.__ARM_fpclassify  m_wm.l(fpclassify.o)
    0x080061c4   0x0000000e   Code   RO         6450    i._is_digit         c_w.l(__printf_wp.o)
    0x080061d2   0x00000004   Code   RO          323    i._sys_exit         usart.o
    0x080061d6   0x00000008   Code   RO          325    i.ferror            usart.o
    0x080061de   0x00000002   PAD
    0x080061e0   0x00000018   Code   RO          326    i.fputc             usart.o
    0x080061f8   0x000002d0   Code   RO          900    i.judge_psw         total.o
    0x080064c8   0x000000c8   Code   RO          901    i.judge_rfid        total.o
    0x08006590   0x00000520   Code   RO          134    i.main              main.o
    0x08006ab0   0x00000040   Code   RO          469    i.print_info        rfid.o
    0x08006af0   0x0000003a   Code   RO          994    i.st7789vm_SetPosition  lcd.o
    0x08006b2a   0x00000032   Code   RO          995    i.st7789vm_clear_display  lcd.o
    0x08006b5c   0x000001b0   Code   RO          996    i.st7789vm_init     lcd.o
    0x08006d0c   0x00000030   Code   RO          997    i.st7789vm_write_command  lcd.o
    0x08006d3c   0x00000030   Code   RO          998    i.st7789vm_write_command_parameter  lcd.o
    0x08006d6c   0x00000034   Code   RO          999    i.st7789vm_write_data  lcd.o
    0x08006da0   0x0000002c   Code   RO         6585    locale$$code        c_w.l(lc_numeric_c.o)
    0x08006dcc   0x00000062   Code   RO         6486    x$fpl$d2f           fz_wm.l(d2f.o)
    0x08006e2e   0x00000002   PAD
    0x08006e30   0x00000150   Code   RO         6488    x$fpl$dadd          fz_wm.l(daddsub_clz.o)
    0x08006f80   0x000002b0   Code   RO         6495    x$fpl$ddiv          fz_wm.l(ddiv.o)
    0x08007230   0x0000002e   Code   RO         6499    x$fpl$dflt          fz_wm.l(dflt_clz.o)
    0x0800725e   0x00000002   PAD
    0x08007260   0x00000154   Code   RO         6504    x$fpl$dmul          fz_wm.l(dmul.o)
    0x080073b4   0x0000009c   Code   RO         6524    x$fpl$dnaninf       fz_wm.l(dnaninf.o)
    0x08007450   0x0000000c   Code   RO         6526    x$fpl$dretinf       fz_wm.l(dretinf.o)
    0x0800745c   0x000001d4   Code   RO         6490    x$fpl$dsub          fz_wm.l(daddsub_clz.o)
    0x08007630   0x00000056   Code   RO         6506    x$fpl$f2d           fz_wm.l(f2d.o)
    0x08007686   0x0000008c   Code   RO         6528    x$fpl$fnaninf       fz_wm.l(fnaninf.o)
    0x08007712   0x0000000a   Code   RO         6653    x$fpl$fpinit        fz_wm.l(fpinit.o)
    0x0800771c   0x0000000a   Code   RO         6530    x$fpl$fretinf       fz_wm.l(fretinf.o)
    0x08007726   0x00000004   Code   RO         6508    x$fpl$printf1       fz_wm.l(printf1.o)
    0x0800772a   0x00000000   Code   RO         6532    x$fpl$usenofp       fz_wm.l(usenofp.o)
    0x0800772a   0x00000002   PAD
    0x0800772c   0x0000003b   Data   RO          135    .constdata          main.o
    0x08007767   0x00000001   PAD
    0x08007768   0x00000098   Data   RO         1393    .constdata          esp32.o
    0x08007800   0x0000000c   Data   RO         1512    .constdata          mqtt.o
    0x0800780c   0x00000028   Data   RO         6423    .constdata          c_w.l(_printf_hex_int.o)
    0x08007834   0x00000011   Data   RO         6453    .constdata          c_w.l(__printf_flags_wp.o)
    0x08007845   0x00000003   PAD
    0x08007848   0x00000094   Data   RO         6560    .constdata          c_w.l(bigflt0.o)
    0x080078dc   0x0000009b   Data   RO          136    .conststring        main.o
    0x08007977   0x00000001   PAD
    0x08007978   0x00000015   Data   RO         1157    .conststring        rtc.o
    0x0800798d   0x00000003   PAD
    0x08007990   0x00000020   Data   RO         6721    Region$$Table       anon$$obj.o
    0x080079b0   0x0000001c   Data   RO         6584    locale$$data        c_w.l(lc_numeric_c.o)


    Execution Region RW_IRAM1 (Base: 0x20000000, Size: 0x00002d80, Max: 0x00018000, ABSOLUTE)

    Base Addr    Size         Type   Attr      Idx    E Section Name        Object

    0x20000000   0x00000004   Data   RW          252    .data               led.o
    0x20000004   0x00000004   Data   RW          328    .data               usart.o
    0x20000008   0x0000000d   Data   RW          903    .data               total.o
    0x20000015   0x00000003   PAD
    0x20000018   0x00000059   Data   RW         1158    .data               rtc.o
    0x20000071   0x00000003   PAD
    0x20000074   0x00000004   Data   RW         1257    .data               adc.o
    0x20000078   0x00000006   Data   RW         1464    .data               systick.o
    0x2000007e   0x00000002   PAD
    0x20000080   0x0000002e   Data   RW         1513    .data               mqtt.o
    0x200000ae   0x00000010   Data   RW         4321    .data               stm32f4xx_rcc.o
    0x200000be   0x00000002   PAD
    0x200000c0   0x0000200c   Zero   RW          327    .bss                usart.o
    0x200020cc   0x0000002a   Zero   RW          902    .bss                total.o
    0x200020f6   0x00000014   Zero   RW         1256    .bss                adc.o
    0x2000210a   0x0000000c   Zero   RW         1307    .bss                mg200.o
    0x20002116   0x00000404   Zero   RW         1392    .bss                esp32.o
    0x2000251a   0x00000200   Zero   RW         1511    .bss                mqtt.o
    0x2000271a   0x00000002   PAD
    0x2000271c   0x00000060   Zero   RW         6592    .bss                c_w.l(libspace.o)
    0x2000277c   0x00000004   PAD
    0x20002780   0x00000200   Zero   RW          125    HEAP                startup_stm32f40_41xxx.o
    0x20002980   0x00000400   Zero   RW          124    STACK               startup_stm32f40_41xxx.o


==============================================================================

Image component sizes


      Code (inc. data)   RO Data    RW Data    ZI Data      Debug   Object Name

       692         80          0          4         20       2833   adc.o
         8          0          0          0          0        451   at24c04.o
       820         44          0          0          0       4776   bs8116.o
        36         12          0          0          0        474   dma.o
      1256        320        152          0       1028       6420   esp32.o
        80         10          0          0          0        507   i2c.o
        52          4          0          0          0        487   key.o
      1524         52          0          0          0       8099   lcd.o
       140         14          0          4          0      26661   led.o
      1312        602        214          0          0      28575   main.o
      1690        588          0          0         12       6743   mg200.o
      1482         68         12         46        512       7116   mqtt.o
      1488         58          0          0          0      10950   rfid.o
      1474        118         21         89          0      35118   rtc.o
       244         16          0          0          0       1183   spi.o
        64         26        392          0       1536        816   startup_stm32f40_41xxx.o
       400         20          0          0          0       6104   stm32f4xx_adc.o
       280         34          0          0          0       4941   stm32f4xx_dma.o
       160         12          0          0          0       1545   stm32f4xx_exti.o
       240          0          0          0          0       3567   stm32f4xx_gpio.o
        12          6          0          0          0        542   stm32f4xx_pwr.o
       444         56          0         16          0       6382   stm32f4xx_rcc.o
      1726        110          0          0          0      13826   stm32f4xx_rtc.o
       112          0          0          0          0       3550   stm32f4xx_spi.o
       476         48          0          0          0       5649   stm32f4xx_tim.o
       404          8          0          0          0       4286   stm32f4xx_usart.o
       336         32          0          0          0     312545   system_stm32f4xx.o
        56         12          0          6          0        986   systick.o
       180          8          0          0          0       1124   tim.o
       274         12          0          0          0       1589   tim3.o
      3516        836          0         13         42       6005   total.o
       416         34          0          4       8204       5178   usart.o
       216         10          0          0          0       1092   voice.o
       498         36          0          0          0       4178   w25q64.o

    ----------------------------------------------------------------------
     22138       3286        828        192      11356     524298   Object Totals
         0          0         32          0          0          0   (incl. Generated)
        30          0          5         10          2          0   (incl. Padding)

    ----------------------------------------------------------------------

      Code (inc. data)   RO Data    RW Data    ZI Data      Debug   Library Member Name

         8          0          0          0          0         68   __main.o
       312          4         17          0          0         92   __printf_flags_wp.o
        14          0          0          0          0         68   __printf_wp.o
         0          0          0          0          0          0   __rtentry.o
        12          0          0          0          0          0   __rtentry2.o
         6          0          0          0          0          0   __rtentry4.o
        52          8          0          0          0          0   __scatter.o
        26          0          0          0          0          0   __scatter_copy.o
        28          0          0          0          0          0   __scatter_zi.o
         6          0          0          0          0          0   _printf_c.o
        44          0          0          0          0        108   _printf_char.o
        48          6          0          0          0         96   _printf_char_common.o
        36          4          0          0          0         80   _printf_char_file.o
         6          0          0          0          0          0   _printf_d.o
       120         16          0          0          0         92   _printf_dec.o
         6          0          0          0          0          0   _printf_f.o
      1050          0          0          0          0        216   _printf_fp_dec.o
       128         16          0          0          0         84   _printf_fp_infnan.o
        88          4         40          0          0         88   _printf_hex_int.o
       178          0          0          0          0         88   _printf_intcommon.o
        78          0          0          0          0        108   _printf_pad.o
         0          0          0          0          0          0   _printf_percent.o
         4          0          0          0          0          0   _printf_percent_end.o
         6          0          0          0          0          0   _printf_s.o
        82          0          0          0          0         80   _printf_str.o
         6          0          0          0          0          0   _printf_x.o
        10          0          0          0          0         68   _sputc.o
       220          4        148          0          0         96   bigflt0.o
      1910        128          0          0          0        672   btod.o
        12          0          0          0          0         72   exit.o
         6          0          0          0          0        152   heapauxi.o
        44         10         28          0          0         76   lc_numeric_c.o
         2          0          0          0          0          0   libinit.o
        22          0          0          0          0          0   libinit2.o
         2          0          0          0          0          0   libshutdown.o
         2          0          0          0          0          0   libshutdown2.o
         8          4          0          0         96         68   libspace.o
       138          0          0          0          0         80   lludiv10.o
        24          4          0          0          0         84   noretval__2printf.o
        40          6          0          0          0         84   noretval__2sprintf.o
         8          4          0          0          0         68   rt_locale_intlibspace.o
        78          0          0          0          0         80   rt_memclr_w.o
       138          0          0          0          0         68   rt_memcpy_v6.o
       100          0          0          0          0         80   rt_memcpy_w.o
         2          0          0          0          0          0   rtexit.o
        10          0          0          0          0          0   rtexit2.o
        24          0          0          0          0         68   strcat.o
       128          0          0          0          0         68   strcmpv7m.o
        72          0          0          0          0         80   strcpy.o
        62          0          0          0          0         76   strlen.o
        36          0          0          0          0         80   strstr.o
        74          0          0          0          0         80   sys_stackheap_outer.o
         2          0          0          0          0         68   use_no_semi.o
        98          4          0          0          0        140   d2f.o
       804         16          0          0          0        368   daddsub_clz.o
       688        140          0          0          0        256   ddiv.o
        46          0          0          0          0        116   dflt_clz.o
       340         12          0          0          0        152   dmul.o
       156          4          0          0          0        140   dnaninf.o
        12          0          0          0          0        116   dretinf.o
        86          4          0          0          0        132   f2d.o
       140          4          0          0          0        132   fnaninf.o
        10          0          0          0          0        116   fpinit.o
        10          0          0          0          0        116   fretinf.o
         4          0          0          0          0        116   printf1.o
         0          0          0          0          0          0   usenofp.o
        48          0          0          0          0        124   fpclassify.o

    ----------------------------------------------------------------------
      7978        402        236          0        100       5560   Library Totals
        18          0          3          0          4          0   (incl. Padding)

    ----------------------------------------------------------------------

      Code (inc. data)   RO Data    RW Data    ZI Data      Debug   Library Name

      5518        218        233          0         96       3536   c_w.l
      2394        184          0          0          0       1900   fz_wm.l
        48          0          0          0          0        124   m_wm.l

    ----------------------------------------------------------------------
      7978        402        236          0        100       5560   Library Totals

    ----------------------------------------------------------------------

==============================================================================


      Code (inc. data)   RO Data    RW Data    ZI Data      Debug   

     30116       3688       1064        192      11456     508382   Grand Totals
     30116       3688       1064        192      11456     508382   ELF Image Totals
     30116       3688       1064        192          0          0   ROM Totals

==============================================================================

    Total RO  Size (Code + RO Data)                31180 (  30.45kB)
    Total RW  Size (RW Data + ZI Data)             11648 (  11.38kB)
    Total ROM Size (Code + RO Data + RW Data)      31372 (  30.64kB)

==============================================================================

