<html>
<body>
<pre>
<h1>µVision Build Log</h1>
<h2>Tool Versions:</h2>
IDE-Version: ¦ÌVision V5.15
Copyright (C) 2015 ARM Ltd and ARM Germany GmbH. All rights reserved.
License Information: 3 ·ç·è·â·ã, 3, LIC=V85FJ-UVJ6I-24TSS-LB2MQ-BVKYD-K51KK
 
Tool Versions:
Toolchain:       MDK-ARM Professional  Version: 5.15.0
Toolchain Path:  F:\Keil5\ARM\ARMCC\Bin
C Compiler:      Armcc.exe V5.05 update 2 (build 169)
Assembler:       Armasm.exe V5.05 update 2 (build 169)
Linker/Locator:  ArmLink.exe V5.05 update 2 (build 169)
Library Manager: ArmAr.exe V5.05 update 2 (build 169)
Hex Converter:   FromElf.exe V5.05 update 2 (build 169)
CPU DLL:         SARMCM3.DLL V5.15.0
Dialog DLL:      DCM.DLL V1.13.2.0
Target DLL:      STLink\ST-LINKIII-KEIL_SWO.dll V2.0.15.0_KEIL
Dialog DLL:      TCM.DLL V1.14.5.0
 
<h2>Project:</h2>
F:\M4\Smart_Lock\Smart_Lock.uvprojx
Project File Date:  11/30/2021

<h2>Output:</h2>
*** Using Compiler 'V5.05 update 2 (build 169)', folder: 'F:\Keil5\ARM\ARMCC\Bin'
Build target 'Target 1'
compiling main.c...
light\USER\SRC\main.c(7): warning:  #177-D: variable "test" was declared but never referenced
        u8 test[50]="123456";
light\USER\SRC\main.c(8): warning:  #177-D: variable "test2" was declared but never referenced
        u8 test2[50];
light\USER\SRC\main.c: 2 warnings, 0 errors
compiling tim.c...
compiling total.c...
linking...
Program Size: Code=30116 RO-data=1064 RW-data=192 ZI-data=11456  
".\Objects\Smart_Lock.axf" - 0 Error(s), 2 Warning(s).

<h2>Collection of Component include folders:</h2>
  F:\M4\Smart_Lock\RTE
  F:\Keil5\ARM\PACK\Keil\STM32F4xx_DFP\2.7.0\Drivers\CMSIS\Device\ST\STM32F4xx\Include

<h2>Collection of Component Files used:</h2>
</pre>
</body>
</html>
